Archive member included to satisfy reference by file (symbol)

c:/ac6/systemworkbench/plugins/fr.ac6.mcu.externaltools.arm-none.win32_1.17.0.201812190825/tools/compiler/bin/../lib/gcc/arm-none-eabi/7.3.1/../../../../arm-none-eabi/lib/thumb/v6-m\libc_nano.a(lib_a-exit.o)
                              c:/ac6/systemworkbench/plugins/fr.ac6.mcu.externaltools.arm-none.win32_1.17.0.201812190825/tools/compiler/bin/../lib/gcc/arm-none-eabi/7.3.1/../../../../arm-none-eabi/lib/thumb/v6-m/crt0.o (exit)
c:/ac6/systemworkbench/plugins/fr.ac6.mcu.externaltools.arm-none.win32_1.17.0.201812190825/tools/compiler/bin/../lib/gcc/arm-none-eabi/7.3.1/../../../../arm-none-eabi/lib/thumb/v6-m\libc_nano.a(lib_a-impure.o)
                              c:/ac6/systemworkbench/plugins/fr.ac6.mcu.externaltools.arm-none.win32_1.17.0.201812190825/tools/compiler/bin/../lib/gcc/arm-none-eabi/7.3.1/../../../../arm-none-eabi/lib/thumb/v6-m\libc_nano.a(lib_a-exit.o) (_global_impure_ptr)
c:/ac6/systemworkbench/plugins/fr.ac6.mcu.externaltools.arm-none.win32_1.17.0.201812190825/tools/compiler/bin/../lib/gcc/arm-none-eabi/7.3.1/../../../../arm-none-eabi/lib/thumb/v6-m\libc_nano.a(lib_a-init.o)
                              c:/ac6/systemworkbench/plugins/fr.ac6.mcu.externaltools.arm-none.win32_1.17.0.201812190825/tools/compiler/bin/../lib/gcc/arm-none-eabi/7.3.1/../../../../arm-none-eabi/lib/thumb/v6-m/crt0.o (__libc_init_array)
c:/ac6/systemworkbench/plugins/fr.ac6.mcu.externaltools.arm-none.win32_1.17.0.201812190825/tools/compiler/bin/../lib/gcc/arm-none-eabi/7.3.1/../../../../arm-none-eabi/lib/thumb/v6-m\libc_nano.a(lib_a-memset.o)
                              c:/ac6/systemworkbench/plugins/fr.ac6.mcu.externaltools.arm-none.win32_1.17.0.201812190825/tools/compiler/bin/../lib/gcc/arm-none-eabi/7.3.1/../../../../arm-none-eabi/lib/thumb/v6-m/crt0.o (memset)
c:/ac6/systemworkbench/plugins/fr.ac6.mcu.externaltools.arm-none.win32_1.17.0.201812190825/tools/compiler/bin/../lib/gcc/arm-none-eabi/7.3.1/../../../../arm-none-eabi/lib/thumb/v6-m\libnosys.a(_exit.o)
                              c:/ac6/systemworkbench/plugins/fr.ac6.mcu.externaltools.arm-none.win32_1.17.0.201812190825/tools/compiler/bin/../lib/gcc/arm-none-eabi/7.3.1/../../../../arm-none-eabi/lib/thumb/v6-m\libc_nano.a(lib_a-exit.o) (_exit)
c:/ac6/systemworkbench/plugins/fr.ac6.mcu.externaltools.arm-none.win32_1.17.0.201812190825/tools/compiler/bin/../lib/gcc/arm-none-eabi/7.3.1/thumb/v6-m\libgcc.a(_udivsi3.o)
                              _build/app_pwm.o (__aeabi_uidiv)
c:/ac6/systemworkbench/plugins/fr.ac6.mcu.externaltools.arm-none.win32_1.17.0.201812190825/tools/compiler/bin/../lib/gcc/arm-none-eabi/7.3.1/thumb/v6-m\libgcc.a(_divsi3.o)
                              _build/app_pwm.o (__aeabi_idiv)
c:/ac6/systemworkbench/plugins/fr.ac6.mcu.externaltools.arm-none.win32_1.17.0.201812190825/tools/compiler/bin/../lib/gcc/arm-none-eabi/7.3.1/thumb/v6-m\libgcc.a(_dvmd_tls.o)
                              c:/ac6/systemworkbench/plugins/fr.ac6.mcu.externaltools.arm-none.win32_1.17.0.201812190825/tools/compiler/bin/../lib/gcc/arm-none-eabi/7.3.1/thumb/v6-m\libgcc.a(_udivsi3.o) (__aeabi_idiv0)
c:/ac6/systemworkbench/plugins/fr.ac6.mcu.externaltools.arm-none.win32_1.17.0.201812190825/tools/compiler/bin/../lib/gcc/arm-none-eabi/7.3.1/../../../../arm-none-eabi/lib/thumb/v6-m\libc_nano.a(lib_a-memcpy-stub.o)
                              _build/pstorage.o (memcpy)
c:/ac6/systemworkbench/plugins/fr.ac6.mcu.externaltools.arm-none.win32_1.17.0.201812190825/tools/compiler/bin/../lib/gcc/arm-none-eabi/7.3.1/../../../../arm-none-eabi/lib/thumb/v6-m\libc_nano.a(lib_a-printf.o)
                              _build/main.o (printf)
c:/ac6/systemworkbench/plugins/fr.ac6.mcu.externaltools.arm-none.win32_1.17.0.201812190825/tools/compiler/bin/../lib/gcc/arm-none-eabi/7.3.1/../../../../arm-none-eabi/lib/thumb/v6-m\libc_nano.a(lib_a-strlen.o)
                              _build/main.o (strlen)
c:/ac6/systemworkbench/plugins/fr.ac6.mcu.externaltools.arm-none.win32_1.17.0.201812190825/tools/compiler/bin/../lib/gcc/arm-none-eabi/7.3.1/../../../../arm-none-eabi/lib/thumb/v6-m\libc_nano.a(lib_a-findfp.o)
                              c:/ac6/systemworkbench/plugins/fr.ac6.mcu.externaltools.arm-none.win32_1.17.0.201812190825/tools/compiler/bin/../lib/gcc/arm-none-eabi/7.3.1/../../../../arm-none-eabi/lib/thumb/v6-m\libc_nano.a(lib_a-printf.o) (__sinit)
c:/ac6/systemworkbench/plugins/fr.ac6.mcu.externaltools.arm-none.win32_1.17.0.201812190825/tools/compiler/bin/../lib/gcc/arm-none-eabi/7.3.1/../../../../arm-none-eabi/lib/thumb/v6-m\libc_nano.a(lib_a-fwalk.o)
                              c:/ac6/systemworkbench/plugins/fr.ac6.mcu.externaltools.arm-none.win32_1.17.0.201812190825/tools/compiler/bin/../lib/gcc/arm-none-eabi/7.3.1/../../../../arm-none-eabi/lib/thumb/v6-m\libc_nano.a(lib_a-findfp.o) (_fwalk)
[...]
Memory Configuration

Name             Origin             Length             Attributes
FLASH            0x00018000         0x00028000         xr
RAM              0x20002000         0x00002000         xrw
*default*        0x00000000         0xffffffff

Linker script and memory map

LOAD c:/ac6/systemworkbench/plugins/fr.ac6.mcu.externaltools.arm-none.win32_1.17.0.201812190825/tools/compiler/bin/../lib/gcc/arm-none-eabi/7.3.1/thumb/v6-m/crti.o
LOAD c:/ac6/systemworkbench/plugins/fr.ac6.mcu.externaltools.arm-none.win32_1.17.0.201812190825/tools/compiler/bin/../lib/gcc/arm-none-eabi/7.3.1/thumb/v6-m/crtbegin.o
LOAD c:/ac6/systemworkbench/plugins/fr.ac6.mcu.externaltools.arm-none.win32_1.17.0.201812190825/tools/compiler/bin/../lib/gcc/arm-none-eabi/7.3.1/../../../../arm-none-eabi/lib/thumb/v6-m/crt0.o
LOAD c:/ac6/systemworkbench/plugins/fr.ac6.mcu.externaltools.arm-none.win32_1.17.0.201812190825/tools/compiler/bin/../lib/gcc/arm-none-eabi/7.3.1/../../../../arm-none-eabi/lib/thumb/v6-m\libc_nano.a
LOAD c:/ac6/systemworkbench/plugins/fr.ac6.mcu.externaltools.arm-none.win32_1.17.0.201812190825/tools/compiler/bin/../lib/gcc/arm-none-eabi/7.3.1/../../../../arm-none-eabi/lib/thumb/v6-m\libnosys.a
LOAD _build/app_pwm.o
LOAD _build/nrf_drv_ppi.o
LOAD _build/nrf_drv_timer.o
LOAD _build/app_button.o
LOAD _build/app_error.o
LOAD _build/app_fifo.o
LOAD _build/app_timer.o
LOAD _build/app_trace.o
LOAD _build/nrf_assert.o
LOAD _build/retarget.o
LOAD _build/app_uart_fifo.o
LOAD _build/nrf_delay.o
LOAD _build/nrf_drv_common.o
LOAD _build/nrf_drv_gpiote.o
LOAD _build/nrf_drv_uart.o
LOAD _build/pstorage.o
LOAD _build/bsp.o
LOAD _build/bsp_btn_ble.o
LOAD _build/main.o
LOAD _build/ble_advdata.o
LOAD _build/ble_advertising.o
LOAD _build/ble_conn_params.o
LOAD _build/ble_nus.o
LOAD _build/ble_srv_common.o
LOAD _build/system_nrf51.o
LOAD _build/softdevice_handler.o
LOAD _build/gcc_startup_nrf51.o
START GROUP
LOAD c:/ac6/systemworkbench/plugins/fr.ac6.mcu.externaltools.arm-none.win32_1.17.0.201812190825/tools/compiler/bin/../lib/gcc/arm-none-eabi/7.3.1/thumb/v6-m\libgcc.a
LOAD c:/ac6/systemworkbench/plugins/fr.ac6.mcu.externaltools.arm-none.win32_1.17.0.201812190825/tools/compiler/bin/../lib/gcc/arm-none-eabi/7.3.1/../../../../arm-none-eabi/lib/thumb/v6-m\libc_nano.a
END GROUP
START GROUP
LOAD c:/ac6/systemworkbench/plugins/fr.ac6.mcu.externaltools.arm-none.win32_1.17.0.201812190825/tools/compiler/bin/../lib/gcc/arm-none-eabi/7.3.1/thumb/v6-m\libgcc.a
LOAD c:/ac6/systemworkbench/plugins/fr.ac6.mcu.externaltools.arm-none.win32_1.17.0.201812190825/tools/compiler/bin/../lib/gcc/arm-none-eabi/7.3.1/../../../../arm-none-eabi/lib/thumb/v6-m\libc_nano.a
END GROUP
LOAD c:/ac6/systemworkbench/plugins/fr.ac6.mcu.externaltools.arm-none.win32_1.17.0.201812190825/tools/compiler/bin/../lib/gcc/arm-none-eabi/7.3.1/thumb/v6-m/crtend.o
LOAD c:/ac6/systemworkbench/plugins/fr.ac6.mcu.externaltools.arm-none.win32_1.17.0.201812190825/tools/compiler/bin/../lib/gcc/arm-none-eabi/7.3.1/thumb/v6-m/crtn.o
START GROUP
LOAD c:/ac6/systemworkbench/plugins/fr.ac6.mcu.externaltools.arm-none.win32_1.17.0.201812190825/tools/compiler/bin/../lib/gcc/arm-none-eabi/7.3.1/thumb/v6-m\libgcc.a
LOAD c:/ac6/systemworkbench/plugins/fr.ac6.mcu.externaltools.arm-none.win32_1.17.0.201812190825/tools/compiler/bin/../lib/gcc/arm-none-eabi/7.3.1/../../../../arm-none-eabi/lib/thumb/v6-m\libc.a
LOAD c:/ac6/systemworkbench/plugins/fr.ac6.mcu.externaltools.arm-none.win32_1.17.0.201812190825/tools/compiler/bin/../lib/gcc/arm-none-eabi/7.3.1/../../../../arm-none-eabi/lib/thumb/v6-m\libnosys.a
END GROUP

.text           0x00018000     0x7424
 *(.Vectors)
 .Vectors       0x00018000       0xc0 _build/gcc_startup_nrf51.o
                0x00018000                __Vectors
 *(.text*)
 .text          0x000180c0       0x48 c:/ac6/systemworkbench/plugins/fr.ac6.mcu.externaltools.arm-none.win32_1.17.0.201812190825/tools/compiler/bin/../lib/gcc/arm-none-eabi/7.3.1/thumb/v6-m/crtbegin.o
 .text          0x00018108       0x78 c:/ac6/systemworkbench/plugins/fr.ac6.mcu.externaltools.arm-none.win32_1.17.0.201812190825/tools/compiler/bin/../lib/gcc/arm-none-eabi/7.3.1/../../../../arm-none-eabi/lib/thumb/v6-m/crt0.o
                0x00018108                _start
                0x00018108                _mainCRTStartup
 .text.exit     0x00018180       0x2c c:/ac6/systemworkbench/plugins/fr.ac6.mcu.externaltools.arm-none.win32_1.17.0.201812190825/tools/compiler/bin/../lib/gcc/arm-none-eabi/7.3.1/../../../../arm-none-eabi/lib/thumb/v6-m\libc_nano.a(lib_a-exit.o)
                0x00018180                exit
 .text.__libc_init_array
                0x000181ac       0x48 c:/ac6/systemworkbench/plugins/fr.ac6.mcu.externaltools.arm-none.win32_1.17.0.201812190825/tools/compiler/bin/../lib/gcc/arm-none-eabi/7.3.1/../../../../arm-none-eabi/lib/thumb/v6-m\libc_nano.a(lib_a-init.o)
                0x000181ac                __libc_init_array
 .text.memset   0x000181f4       0x10 c:/ac6/systemworkbench/plugins/fr.ac6.mcu.externaltools.arm-none.win32_1.17.0.201812190825/tools/compiler/bin/../lib/gcc/arm-none-eabi/7.3.1/../../../../arm-none-eabi/lib/thumb/v6-m\libc_nano.a(lib_a-memset.o)
                0x000181f4                memset
 .text._exit    0x00018204        0x4 c:/ac6/systemworkbench/plugins/fr.ac6.mcu.externaltools.arm-none.win32_1.17.0.201812190825/tools/compiler/bin/../lib/gcc/arm-none-eabi/7.3.1/../../../../arm-none-eabi/lib/thumb/v6-m\libnosys.a(_exit.o)
                0x00018204                _exit
 .text.pwm_ready_tick
                0x00018208       0x64 _build/app_pwm.o
                0x00018208                pwm_ready_tick
 .text.app_pwm_channel_duty_ticks_set
                0x0001826c      0x4d0 _build/app_pwm.o
                0x0001826c                app_pwm_channel_duty_ticks_set
 .text.app_pwm_channel_duty_set
                0x0001873c      0x4e8 _build/app_pwm.o
                0x0001873c                app_pwm_channel_duty_set
 .text.app_pwm_init
                0x00018c24      0x578 _build/app_pwm.o
                0x00018c24                app_pwm_init
 .text.app_pwm_enable
                0x0001919c       0xd8 _build/app_pwm.o
                0x0001919c                app_pwm_enable
 .text.app_pwm_disable
                0x00019274       0xe4 _build/app_pwm.o
                0x00019274                app_pwm_disable
 .text.sd_nvic_critical_region_enter
                0x00019358        0x4 _build/nrf_drv_ppi.o
 .text.sd_nvic_critical_region_exit
                0x0001935c        0x4 _build/nrf_drv_ppi.o
 .text.nrf_drv_ppi_init
                0x00019360       0x18 _build/nrf_drv_ppi.o
                0x00019360                nrf_drv_ppi_init
 .text.nrf_drv_ppi_channel_alloc
                0x00019378      0x144 _build/nrf_drv_ppi.o
                0x00019378                nrf_drv_ppi_channel_alloc
 .text.nrf_drv_ppi_channel_free
                0x000194bc       0xdc _build/nrf_drv_ppi.o
                0x000194bc                nrf_drv_ppi_channel_free
 .text.nrf_drv_ppi_channel_assign
                0x00019598       0x48 _build/nrf_drv_ppi.o
                0x00019598                nrf_drv_ppi_channel_assign
 .text.nrf_drv_ppi_channel_enable
                0x000195e0       0x34 _build/nrf_drv_ppi.o
                0x000195e0                nrf_drv_ppi_channel_enable
 .text.nrf_drv_ppi_channel_disable
                0x00019614       0x30 _build/nrf_drv_ppi.o
                0x00019614                nrf_drv_ppi_channel_disable
 .text.nrf_drv_ppi_group_alloc
                0x00019644      0x140 _build/nrf_drv_ppi.o
                0x00019644                nrf_drv_ppi_group_alloc
 .text.nrf_drv_ppi_group_free
                0x00019784       0xec _build/nrf_drv_ppi.o
                0x00019784                nrf_drv_ppi_group_free
 .text.nrf_drv_ppi_group_enable
                0x00019870       0x2c _build/nrf_drv_ppi.o
                0x00019870                nrf_drv_ppi_group_enable
 .text.nrf_drv_ppi_channels_remove_from_group
                0x0001989c       0xfc _build/nrf_drv_ppi.o
                0x0001989c                nrf_drv_ppi_channels_remove_from_group
 .text.nrf_drv_ppi_channels_include_in_group
                0x00019998       0xfc _build/nrf_drv_ppi.o
                0x00019998                nrf_drv_ppi_channels_include_in_group
 .text.nrf_drv_timer_init
                0x00019a94       0xac _build/nrf_drv_timer.o
                0x00019a94                nrf_drv_timer_init
 .text.nrf_drv_timer_uninit
                0x00019b40       0x70 _build/nrf_drv_timer.o
                0x00019b40                nrf_drv_timer_uninit
 .text.nrf_drv_timer_enable
                0x00019bb0       0x14 _build/nrf_drv_timer.o
                0x00019bb0                nrf_drv_timer_enable
 .text.nrf_drv_timer_disable
                0x00019bc4       0x14 _build/nrf_drv_timer.o
                0x00019bc4                nrf_drv_timer_disable
 .text.nrf_drv_timer_clear
                0x00019bd8        0x8 _build/nrf_drv_timer.o
                0x00019bd8                nrf_drv_timer_clear
 .text.nrf_drv_timer_capture_task_address_get
                0x00019be0        0xc _build/nrf_drv_timer.o
                0x00019be0                nrf_drv_timer_capture_task_address_get
 .text.nrf_drv_timer_compare_event_address_get
                0x00019bec        0xc _build/nrf_drv_timer.o
                0x00019bec                nrf_drv_timer_compare_event_address_get
 .text.nrf_drv_timer_capture_get
                0x00019bf8        0xc _build/nrf_drv_timer.o
                0x00019bf8                nrf_drv_timer_capture_get
 .text.nrf_drv_timer_compare
                0x00019c04       0x28 _build/nrf_drv_timer.o
                0x00019c04                nrf_drv_timer_compare
 .text.nrf_drv_timer_extended_compare
                0x00019c2c       0x4c _build/nrf_drv_timer.o
                0x00019c2c                nrf_drv_timer_extended_compare
 .text.nrf_drv_timer_us_to_ticks
                0x00019c78       0x18 _build/nrf_drv_timer.o
                0x00019c78                nrf_drv_timer_us_to_ticks
 .text.nrf_drv_timer_compare_int_enable
                0x00019c90       0x24 _build/nrf_drv_timer.o
                0x00019c90                nrf_drv_timer_compare_int_enable
 .text.nrf_drv_timer_compare_int_disable
                0x00019cb4       0x10 _build/nrf_drv_timer.o
                0x00019cb4                nrf_drv_timer_compare_int_disable
 .text.TIMER0_IRQHandler
                0x00019cc4       0x5c _build/nrf_drv_timer.o
                0x00019cc4                TIMER0_IRQHandler
 .text.TIMER1_IRQHandler
                0x00019d20       0x5c _build/nrf_drv_timer.o
                0x00019d20                TIMER1_IRQHandler
 .text.detection_delay_timeout_handler
                0x00019d7c       0xa0 _build/app_button.o
 .text.gpiote_event_handler
                0x00019e1c       0x5c _build/app_button.o
 .text.app_button_init
                0x00019e78       0xb0 _build/app_button.o
                0x00019e78                app_button_init
 .text.app_button_enable
                0x00019f28       0x30 _build/app_button.o
                0x00019f28                app_button_enable
 .text.app_error_handler
                0x00019f58       0x18 _build/app_error.o
                0x00019f58                app_error_handler
 .text.app_fifo_init
                0x00019f70       0x24 _build/app_fifo.o
                0x00019f70                app_fifo_init
 .text.app_fifo_put
                0x00019f94       0x24 _build/app_fifo.o
                0x00019f94                app_fifo_put
 .text.app_fifo_get
                0x00019fb8       0x24 _build/app_fifo.o
                0x00019fb8                app_fifo_get
 .text.RTC1_IRQHandler
                0x00019fdc       0xe0 _build/app_timer.o
                0x00019fdc                RTC1_IRQHandler
 .text.SWI0_IRQHandler
                0x0001a0bc      0x4d0 _build/app_timer.o
                0x0001a0bc                SWI0_IRQHandler
 .text.app_timer_init
                0x0001a58c      0x144 _build/app_timer.o
                0x0001a58c                app_timer_init
 .text.app_timer_create
                0x0001a6d0       0x2c _build/app_timer.o
                0x0001a6d0                app_timer_create
 .text.app_timer_start
                0x0001a6fc      0x100 _build/app_timer.o
                0x0001a6fc                app_timer_start
 .text.app_timer_stop
                0x0001a7fc       0xc8 _build/app_timer.o
                0x0001a7fc                app_timer_stop
 .text._write   0x0001a8c4       0x1c _build/retarget.o
                0x0001a8c4                _write
 .text._read    0x0001a8e0       0x14 _build/retarget.o
                0x0001a8e0                _read
 .text.uart_event_handler
                0x0001a8f4       0xbc _build/app_uart_fifo.o
 .text.app_uart_init
                0x0001a9b0       0xa4 _build/app_uart_fifo.o
                0x0001a9b0                app_uart_init
 .text.app_uart_get
                0x0001aa54       0x34 _build/app_uart_fifo.o
                0x0001aa54                app_uart_get
 .text.app_uart_put
                0x0001aa88       0x28 _build/app_uart_fifo.o
                0x0001aa88                app_uart_put
 .text.nrf_drv_common_irq_enable
                0x0001aab0       0x68 _build/nrf_drv_common.o
                0x0001aab0                nrf_drv_common_irq_enable
 .text.nrf_drv_gpiote_init
                0x0001ab18       0x58 _build/nrf_drv_gpiote.o
                0x0001ab18                nrf_drv_gpiote_init
 .text.nrf_drv_gpiote_is_init
                0x0001ab70       0x14 _build/nrf_drv_gpiote.o
                0x0001ab70                nrf_drv_gpiote_is_init
 .text.nrf_drv_gpiote_out_init
                0x0001ab84       0xcc _build/nrf_drv_gpiote.o
                0x0001ab84                nrf_drv_gpiote_out_init
 .text.nrf_drv_gpiote_out_uninit
                0x0001ac50       0x48 _build/nrf_drv_gpiote.o
                0x0001ac50                nrf_drv_gpiote_out_uninit
 .text.nrf_drv_gpiote_out_task_enable
                0x0001ac98       0x38 _build/nrf_drv_gpiote.o
                0x0001ac98                nrf_drv_gpiote_out_task_enable
 .text.nrf_drv_gpiote_out_task_disable
                0x0001acd0       0x28 _build/nrf_drv_gpiote.o
                0x0001acd0                nrf_drv_gpiote_out_task_disable
 .text.nrf_drv_gpiote_out_task_addr_get
                0x0001acf8       0x20 _build/nrf_drv_gpiote.o
                0x0001acf8                nrf_drv_gpiote_out_task_addr_get
 .text.nrf_drv_gpiote_out_task_force
                0x0001ad18       0x34 _build/nrf_drv_gpiote.o
                0x0001ad18                nrf_drv_gpiote_out_task_force
 .text.nrf_drv_gpiote_in_init
                0x0001ad4c      0x178 _build/nrf_drv_gpiote.o
                0x0001ad4c                nrf_drv_gpiote_in_init
 .text.nrf_drv_gpiote_in_event_enable
                0x0001aec4       0xc0 _build/nrf_drv_gpiote.o
                0x0001aec4                nrf_drv_gpiote_in_event_enable
 .text.nrf_drv_gpiote_in_is_set
                0x0001af84       0x14 _build/nrf_drv_gpiote.o
                0x0001af84                nrf_drv_gpiote_in_is_set
 .text.GPIOTE_IRQHandler
                0x0001af98      0x324 _build/nrf_drv_gpiote.o
                0x0001af98                GPIOTE_IRQHandler
 .text.nrf_drv_uart_init
                0x0001b2bc      0x10c _build/nrf_drv_uart.o
                0x0001b2bc                nrf_drv_uart_init
 .text.nrf_drv_uart_tx
                0x0001b3c8       0xb0 _build/nrf_drv_uart.o
                0x0001b3c8                nrf_drv_uart_tx
 .text.nrf_drv_uart_rx
                0x0001b478       0xe8 _build/nrf_drv_uart.o
                0x0001b478                nrf_drv_uart_rx
 .text.nrf_drv_uart_rx_enable
                0x0001b560       0x2c _build/nrf_drv_uart.o
                0x0001b560                nrf_drv_uart_rx_enable
 .text.UART0_IRQHandler
                0x0001b58c      0x168 _build/nrf_drv_uart.o
                0x0001b58c                UART0_IRQHandler
 .text.pstorage_access_status_get
                0x0001b6f4       0x28 _build/pstorage.o
                0x0001b6f4                pstorage_access_status_get
 .text.alert_timer_handler
                0x0001b71c       0x28 _build/bsp.o
 .text.bsp_button_event_handler
                0x0001b744       0xcc _build/bsp.o
 .text.leds_timer_handler
                0x0001b810      0x34c _build/bsp.o
 .text.button_timer_handler
                0x0001bb5c       0x44 _build/bsp.o
 .text.bsp_button_is_pressed
                0x0001bba0       0x2c _build/bsp.o
                0x0001bba0                bsp_button_is_pressed
 .text.bsp_indication_set
                0x0001bbcc      0x3a8 _build/bsp.o
                0x0001bbcc                bsp_indication_set
 .text.bsp_init
                0x0001bf74       0xd8 _build/bsp.o
                0x0001bf74                bsp_init
 .text.bsp_event_to_button_action_assign
                0x0001c04c       0x50 _build/bsp.o
                0x0001c04c                bsp_event_to_button_action_assign
 .text.bsp_wakeup_buttons_set
                0x0001c09c       0x8c _build/bsp.o
                0x0001c09c                bsp_wakeup_buttons_set
 .text.bsp_btn_ble_sleep_mode_prepare
                0x0001c128       0x18 _build/bsp_btn_ble.o
                0x0001c128                bsp_btn_ble_sleep_mode_prepare
 .text.bsp_btn_ble_on_ble_evt
                0x0001c140       0xbc _build/bsp_btn_ble.o
                0x0001c140                bsp_btn_ble_on_ble_evt
 .text.bsp_btn_ble_init
                0x0001c1fc       0x98 _build/bsp_btn_ble.o
                0x0001c1fc                bsp_btn_ble_init
 .text.sd_ble_gap_disconnect
                0x0001c294        0x4 _build/main.o
 .text.sd_ble_gap_ppcp_set
                0x0001c298        0x4 _build/main.o
 .text.sd_ble_gap_device_name_set
                0x0001c29c        0x4 _build/main.o
 .text.sd_ble_gap_sec_params_reply
                0x0001c2a0        0x4 _build/main.o
 .text.sd_ble_gatts_sys_attr_set
                0x0001c2a4        0x4 _build/main.o
 .text.sd_ble_enable
                0x0001c2a8        0x4 _build/main.o
 .text.sd_power_system_off
                0x0001c2ac        0x4 _build/main.o
 .text.sd_app_evt_wait
                0x0001c2b0        0x4 _build/main.o
 .text.pwm_ready_callback
                0x0001c2b4        0xc _build/main.o
                0x0001c2b4                pwm_ready_callback
 .text.conn_params_error_handler
                0x0001c2c0        0xc _build/main.o
 .text.on_conn_params_evt
                0x0001c2cc       0x28 _build/main.o
 .text.ble_evt_dispatch
                0x0001c2f4       0xa4 _build/main.o
 .text.bsp_event_handler
                0x0001c398       0x68 _build/main.o
                0x0001c398                bsp_event_handler
 .text.uart_event_handle
                0x0001c400       0x6c _build/main.o
                0x0001c400                uart_event_handle
 .text.nus_data_handler
                0x0001c46c      0x168 _build/main.o
 .text.on_adv_evt
                0x0001c5d4       0x54 _build/main.o
 .text.pwm_init
                0x0001c628       0x44 _build/main.o
                0x0001c628                pwm_init
 .text.assert_nrf_callback
                0x0001c66c       0x14 _build/main.o
                0x0001c66c                assert_nrf_callback
 .text.startup.main
                0x0001c680      0x274 _build/main.o
                0x0001c680                main
 .text.sd_ble_gap_address_get
                0x0001c8f4        0x4 _build/ble_advdata.o
 .text.sd_ble_gap_adv_data_set
                0x0001c8f8        0x4 _build/ble_advdata.o
 .text.sd_ble_gap_appearance_get
                0x0001c8fc        0x4 _build/ble_advdata.o
 .text.sd_ble_gap_device_name_get
                0x0001c900        0x4 _build/ble_advdata.o
 .text.sd_ble_uuid_encode
                0x0001c904        0x4 _build/ble_advdata.o
 .text.uuid_list_encode
                0x0001c908      0x1bc _build/ble_advdata.o
 .text.adv_data_encode
                0x0001cac4      0x560 _build/ble_advdata.o
                0x0001cac4                adv_data_encode
 .text.ble_advdata_set
                0x0001d024      0x4d8 _build/ble_advdata.o
                0x0001d024                ble_advdata_set
 .text.sd_ble_gap_adv_start
                0x0001d4fc        0x4 _build/ble_advertising.o
 .text.sd_ble_gap_adv_stop
                0x0001d500        0x4 _build/ble_advertising.o
 .text.ble_advertising_start.part.1
                0x0001d504      0x280 _build/ble_advertising.o
 .text.ble_advertising_init
                0x0001d784      0x148 _build/ble_advertising.o
                0x0001d784                ble_advertising_init
 .text.ble_advertising_start
                0x0001d8cc       0x3c _build/ble_advertising.o
                0x0001d8cc                ble_advertising_start
 .text.ble_advertising_on_ble_evt
                0x0001d908       0xec _build/ble_advertising.o
                0x0001d908                ble_advertising_on_ble_evt
 .text.ble_advertising_restart_without_whitelist
                0x0001d9f4       0x74 _build/ble_advertising.o
                0x0001d9f4                ble_advertising_restart_without_whitelist
 .text.sd_ble_gap_conn_param_update
                0x0001da68        0x4 _build/ble_conn_params.o
 .text.sd_ble_gap_disconnect
                0x0001da6c        0x4 _build/ble_conn_params.o
 .text.sd_ble_gap_ppcp_set
                0x0001da70        0x4 _build/ble_conn_params.o
 .text.sd_ble_gap_ppcp_get
                0x0001da74        0x4 _build/ble_conn_params.o
 .text.update_timeout_handler
                0x0001da78       0x78 _build/ble_conn_params.o
 .text.conn_params_negotiation
                0x0001daf0       0x88 _build/ble_conn_params.o
 .text.ble_conn_params_init
                0x0001db78       0x78 _build/ble_conn_params.o
                0x0001db78                ble_conn_params_init
 .text.ble_conn_params_on_ble_evt
                0x0001dbf0      0x124 _build/ble_conn_params.o
                0x0001dbf0                ble_conn_params_on_ble_evt
 .text.sd_ble_gatts_service_add
                0x0001dd14        0x4 _build/ble_nus.o
 .text.sd_ble_gatts_characteristic_add
                0x0001dd18        0x4 _build/ble_nus.o
 .text.sd_ble_gatts_hvx
                0x0001dd1c        0x4 _build/ble_nus.o
 .text.sd_ble_uuid_vs_add
                0x0001dd20        0x4 _build/ble_nus.o
 .text.ble_nus_on_ble_evt
                0x0001dd24       0x60 _build/ble_nus.o
                0x0001dd24                ble_nus_on_ble_evt
 .text.ble_nus_init
                0x0001dd84      0x1bc _build/ble_nus.o
                0x0001dd84                ble_nus_init
 .text.ble_nus_string_send
                0x0001df40       0x5c _build/ble_nus.o
                0x0001df40                ble_nus_string_send
 .text.SystemInit
                0x0001df9c       0x94 _build/system_nrf51.o
                0x0001df9c                SystemInit
 .text.sd_nvic_EnableIRQ
                0x0001e030        0x4 _build/softdevice_handler.o
 .text.sd_evt_get
                0x0001e034        0x4 _build/softdevice_handler.o
 .text.sd_softdevice_enable
                0x0001e038        0x4 _build/softdevice_handler.o
 .text.sd_ble_evt_get
                0x0001e03c        0x4 _build/softdevice_handler.o
 .text.softdevice_assertion_handler
                0x0001e040        0xc _build/softdevice_handler.o
                0x0001e040                softdevice_assertion_handler
 .text.intern_softdevice_events_execute.part.0
                0x0001e04c       0xcc _build/softdevice_handler.o
 .text.softdevice_handler_init
                0x0001e118       0x4c _build/softdevice_handler.o
                0x0001e118                softdevice_handler_init
 .text.softdevice_ble_evt_handler_set
                0x0001e164       0x14 _build/softdevice_handler.o
                0x0001e164                softdevice_ble_evt_handler_set
 .text.SWI2_IRQHandler
                0x0001e178       0x34 _build/softdevice_handler.o
                0x0001e178                SWI2_IRQHandler
 .text          0x0001e1ac       0x54 _build/gcc_startup_nrf51.o
                0x0001e1ac                Reset_Handler
                0x0001e1f4                NMI_Handler
                0x0001e1f6                HardFault_Handler
                0x0001e1f8                SVC_Handler
                0x0001e1fa                PendSV_Handler
                0x0001e1fc                SysTick_Handler
                0x0001e1fe                RTC0_IRQHandler
                0x0001e1fe                SPI0_TWI0_IRQHandler
                0x0001e1fe                RADIO_IRQHandler
                0x0001e1fe                LPCOMP_IRQHandler
                0x0001e1fe                SWI4_IRQHandler
                0x0001e1fe                TEMP_IRQHandler
                0x0001e1fe                QDEC_IRQHandler
                0x0001e1fe                SWI5_IRQHandler
                0x0001e1fe                POWER_CLOCK_IRQHandler
                0x0001e1fe                ECB_IRQHandler
                0x0001e1fe                Default_Handler
                0x0001e1fe                ADC_IRQHandler
                0x0001e1fe                SWI3_IRQHandler
                0x0001e1fe                CCM_AAR_IRQHandler
                0x0001e1fe                WDT_IRQHandler
                0x0001e1fe                TIMER2_IRQHandler
                0x0001e1fe                RNG_IRQHandler
                0x0001e1fe                SPI1_TWI1_IRQHandler
                0x0001e1fe                SWI1_IRQHandler
 .text          0x0001e200      0x114 c:/ac6/systemworkbench/plugins/fr.ac6.mcu.externaltools.arm-none.win32_1.17.0.201812190825/tools/compiler/bin/../lib/gcc/arm-none-eabi/7.3.1/thumb/v6-m\libgcc.a(_udivsi3.o)
                0x0001e200                __aeabi_uidiv
                0x0001e200                __udivsi3
                0x0001e30c                __aeabi_uidivmod
 .text          0x0001e314        0x4 c:/ac6/systemworkbench/plugins/fr.ac6.mcu.externaltools.arm-none.win32_1.17.0.201812190825/tools/compiler/bin/../lib/gcc/arm-none-eabi/7.3.1/thumb/v6-m\libgcc.a(_dvmd_tls.o)
                0x0001e314                __aeabi_idiv0
                0x0001e314                __aeabi_ldiv0
 .text.memcpy   0x0001e318       0x12 c:/ac6/systemworkbench/plugins/fr.ac6.mcu.externaltools.arm-none.win32_1.17.0.201812190825/tools/compiler/bin/../lib/gcc/arm-none-eabi/7.3.1/../../../../arm-none-eabi/lib/thumb/v6-m\libc_nano.a(lib_a-memcpy-stub.o)
                0x0001e318                memcpy
 *fill*         0x0001e32a        0x2 
 .text.printf   0x0001e32c       0x34 c:/ac6/systemworkbench/plugins/fr.ac6.mcu.externaltools.arm-none.win32_1.17.0.201812190825/tools/compiler/bin/../lib/gcc/arm-none-eabi/7.3.1/../../../../arm-none-eabi/lib/thumb/v6-m\libc_nano.a(lib_a-printf.o)
                0x0001e32c                iprintf
                0x0001e32c                printf
 .text          0x0001e360        0xe c:/ac6/systemworkbench/plugins/fr.ac6.mcu.externaltools.arm-none.win32_1.17.0.201812190825/tools/compiler/bin/../lib/gcc/arm-none-eabi/7.3.1/../../../../arm-none-eabi/lib/thumb/v6-m\libc_nano.a(lib_a-strlen.o)
                0x0001e360                strlen
 *fill*         0x0001e36e        0x2 
 .text.std      0x0001e370       0x48 c:/ac6/systemworkbench/plugins/fr.ac6.mcu.externaltools.arm-none.win32_1.17.0.201812190825/tools/compiler/bin/../lib/gcc/arm-none-eabi/7.3.1/../../../../arm-none-eabi/lib/thumb/v6-m\libc_nano.a(lib_a-findfp.o)
 .text._cleanup_r
                0x0001e3b8       0x10 c:/ac6/systemworkbench/plugins/fr.ac6.mcu.externaltools.arm-none.win32_1.17.0.201812190825/tools/compiler/bin/../lib/gcc/arm-none-eabi/7.3.1/../../../../arm-none-eabi/lib/thumb/v6-m\libc_nano.a(lib_a-findfp.o)
                0x0001e3b8                _cleanup_r
 .text.__sfmoreglue
                0x0001e3c8       0x2c c:/ac6/systemworkbench/plugins/fr.ac6.mcu.externaltools.arm-none.win32_1.17.0.201812190825/tools/compiler/bin/../lib/gcc/arm-none-eabi/7.3.1/../../../../arm-none-eabi/lib/thumb/v6-m\libc_nano.a(lib_a-findfp.o)
                0x0001e3c8                __sfmoreglue
 .text.__sinit  0x0001e3f4       0x68 c:/ac6/systemworkbench/plugins/fr.ac6.mcu.externaltools.arm-none.win32_1.17.0.201812190825/tools/compiler/bin/../lib/gcc/arm-none-eabi/7.3.1/../../../../arm-none-eabi/lib/thumb/v6-m\libc_nano.a(lib_a-findfp.o)
                0x0001e3f4                __sinit
 .text.__sfp    0x0001e45c       0x7c c:/ac6/systemworkbench/plugins/fr.ac6.mcu.externaltools.arm-none.win32_1.17.0.201812190825/tools/compiler/bin/../lib/gcc/arm-none-eabi/7.3.1/../../../../arm-none-eabi/lib/thumb/v6-m\libc_nano.a(lib_a-findfp.o)
                0x0001e45c                __sfp
 .text._fwalk_reent
                0x0001e4d8       0x42 c:/ac6/systemworkbench/plugins/fr.ac6.mcu.externaltools.arm-none.win32_1.17.0.201812190825/tools/compiler/bin/../lib/gcc/arm-none-eabi/7.3.1/../../../../arm-none-eabi/lib/thumb/v6-m\libc_nano.a(lib_a-fwalk.o)
                0x0001e4d8                _fwalk_reent
 *fill*         0x0001e51a        0x2 
 .text._malloc_r
                0x0001e51c       0xbc c:/ac6/systemworkbench/plugins/fr.ac6.mcu.externaltools.arm-none.win32_1.17.0.201812190825/tools/compiler/bin/../lib/gcc/arm-none-eabi/7.3.1/../../../../arm-none-eabi/lib/thumb/v6-m\libc_nano.a(lib_a-nano-mallocr.o)
                0x0001e51c                _malloc_r
 .text.__sfputc_r
                0x0001e5d8       0x2a c:/ac6/systemworkbench/plugins/fr.ac6.mcu.externaltools.arm-none.win32_1.17.0.201812190825/tools/compiler/bin/../lib/gcc/arm-none-eabi/7.3.1/../../../../arm-none-eabi/lib/thumb/v6-m\libc_nano.a(lib_a-nano-vfprintf.o)
 .text.__sfputs_r
                0x0001e602       0x24 c:/ac6/systemworkbench/plugins/fr.ac6.mcu.externaltools.arm-none.win32_1.17.0.201812190825/tools/compiler/bin/../lib/gcc/arm-none-eabi/7.3.1/../../../../arm-none-eabi/lib/thumb/v6-m\libc_nano.a(lib_a-nano-vfprintf.o)
                0x0001e602                __sfputs_r
 *fill*         0x0001e626        0x2 
 .text._vfprintf_r
                0x0001e628      0x22c c:/ac6/systemworkbench/plugins/fr.ac6.mcu.externaltools.arm-none.win32_1.17.0.201812190825/tools/compiler/bin/../lib/gcc/arm-none-eabi/7.3.1/../../../../arm-none-eabi/lib/thumb/v6-m\libc_nano.a(lib_a-nano-vfprintf.o)
                0x0001e628                _vfprintf_r
                0x0001e628                _vfiprintf_r
 .text._printf_common
                0x0001e854       0xda c:/ac6/systemworkbench/plugins/fr.ac6.mcu.externaltools.arm-none.win32_1.17.0.201812190825/tools/compiler/bin/../lib/gcc/arm-none-eabi/7.3.1/../../../../arm-none-eabi/lib/thumb/v6-m\libc_nano.a(lib_a-nano-vfprintf_i.o)
                0x0001e854                _printf_common
 *fill*         0x0001e92e        0x2 
 .text._printf_i
                0x0001e930      0x210 c:/ac6/systemworkbench/plugins/fr.ac6.mcu.externaltools.arm-none.win32_1.17.0.201812190825/tools/compiler/bin/../lib/gcc/arm-none-eabi/7.3.1/../../../../arm-none-eabi/lib/thumb/v6-m\libc_nano.a(lib_a-nano-vfprintf_i.o)
                0x0001e930                _printf_i
 .text._sbrk_r  0x0001eb40       0x24 c:/ac6/systemworkbench/plugins/fr.ac6.mcu.externaltools.arm-none.win32_1.17.0.201812190825/tools/compiler/bin/../lib/gcc/arm-none-eabi/7.3.1/../../../../arm-none-eabi/lib/thumb/v6-m\libc_nano.a(lib_a-sbrkr.o)
                0x0001eb40                _sbrk_r
 .text.__sread  0x0001eb64       0x28 c:/ac6/systemworkbench/plugins/fr.ac6.mcu.externaltools.arm-none.win32_1.17.0.201812190825/tools/compiler/bin/../lib/gcc/arm-none-eabi/7.3.1/../../../../arm-none-eabi/lib/thumb/v6-m\libc_nano.a(lib_a-stdio.o)
                0x0001eb64                __sread
 .text.__swrite
                0x0001eb8c       0x38 c:/ac6/systemworkbench/plugins/fr.ac6.mcu.externaltools.arm-none.win32_1.17.0.201812190825/tools/compiler/bin/../lib/gcc/arm-none-eabi/7.3.1/../../../../arm-none-eabi/lib/thumb/v6-m\libc_nano.a(lib_a-stdio.o)
                0x0001eb8c                __swrite
 .text.__sseek  0x0001ebc4       0x2c c:/ac6/systemworkbench/plugins/fr.ac6.mcu.externaltools.arm-none.win32_1.17.0.201812190825/tools/compiler/bin/../lib/gcc/arm-none-eabi/7.3.1/../../../../arm-none-eabi/lib/thumb/v6-m\libc_nano.a(lib_a-stdio.o)
                0x0001ebc4                __sseek
 .text.__sclose
                0x0001ebf0        0xc c:/ac6/systemworkbench/plugins/fr.ac6.mcu.externaltools.arm-none.win32_1.17.0.201812190825/tools/compiler/bin/../lib/gcc/arm-none-eabi/7.3.1/../../../../arm-none-eabi/lib/thumb/v6-m\libc_nano.a(lib_a-stdio.o)
                0x0001ebf0                __sclose
 .text.__swbuf_r
                0x0001ebfc       0xac c:/ac6/systemworkbench/plugins/fr.ac6.mcu.externaltools.arm-none.win32_1.17.0.201812190825/tools/compiler/bin/../lib/gcc/arm-none-eabi/7.3.1/../../../../arm-none-eabi/lib/thumb/v6-m\libc_nano.a(lib_a-wbuf.o)
                0x0001ebfc                __swbuf_r
 .text._write_r
                0x0001eca8       0x28 c:/ac6/systemworkbench/plugins/fr.ac6.mcu.externaltools.arm-none.win32_1.17.0.201812190825/tools/compiler/bin/../lib/gcc/arm-none-eabi/7.3.1/../../../../arm-none-eabi/lib/thumb/v6-m\libc_nano.a(lib_a-writer.o)
                0x0001eca8                _write_r
 .text.__swsetup_r
                0x0001ecd0       0xec c:/ac6/systemworkbench/plugins/fr.ac6.mcu.externaltools.arm-none.win32_1.17.0.201812190825/tools/compiler/bin/../lib/gcc/arm-none-eabi/7.3.1/../../../../arm-none-eabi/lib/thumb/v6-m\libc_nano.a(lib_a-wsetup.o)
                0x0001ecd0                __swsetup_r
 .text._close_r
                0x0001edbc       0x24 c:/ac6/systemworkbench/plugins/fr.ac6.mcu.externaltools.arm-none.win32_1.17.0.201812190825/tools/compiler/bin/../lib/gcc/arm-none-eabi/7.3.1/../../../../arm-none-eabi/lib/thumb/v6-m\libc_nano.a(lib_a-closer.o)
                0x0001edbc                _close_r
 .text.__sflush_r
                0x0001ede0      0x114 c:/ac6/systemworkbench/plugins/fr.ac6.mcu.externaltools.arm-none.win32_1.17.0.201812190825/tools/compiler/bin/../lib/gcc/arm-none-eabi/7.3.1/../../../../arm-none-eabi/lib/thumb/v6-m\libc_nano.a(lib_a-fflush.o)
                0x0001ede0                __sflush_r
 .text._fflush_r
                0x0001eef4       0x58 c:/ac6/systemworkbench/plugins/fr.ac6.mcu.externaltools.arm-none.win32_1.17.0.201812190825/tools/compiler/bin/../lib/gcc/arm-none-eabi/7.3.1/../../../../arm-none-eabi/lib/thumb/v6-m\libc_nano.a(lib_a-fflush.o)
                0x0001eef4                _fflush_r
 .text._lseek_r
                0x0001ef4c       0x28 c:/ac6/systemworkbench/plugins/fr.ac6.mcu.externaltools.arm-none.win32_1.17.0.201812190825/tools/compiler/bin/../lib/gcc/arm-none-eabi/7.3.1/../../../../arm-none-eabi/lib/thumb/v6-m\libc_nano.a(lib_a-lseekr.o)
                0x0001ef4c                _lseek_r
 .text.__swhatbuf_r
                0x0001ef74       0x50 c:/ac6/systemworkbench/plugins/fr.ac6.mcu.externaltools.arm-none.win32_1.17.0.201812190825/tools/compiler/bin/../lib/gcc/arm-none-eabi/7.3.1/../../../../arm-none-eabi/lib/thumb/v6-m\libc_nano.a(lib_a-makebuf.o)
                0x0001ef74                __swhatbuf_r
 .text.__smakebuf_r
                0x0001efc4       0x88 c:/ac6/systemworkbench/plugins/fr.ac6.mcu.externaltools.arm-none.win32_1.17.0.201812190825/tools/compiler/bin/../lib/gcc/arm-none-eabi/7.3.1/../../../../arm-none-eabi/lib/thumb/v6-m\libc_nano.a(lib_a-makebuf.o)
                0x0001efc4                __smakebuf_r
 .text.memchr   0x0001f04c       0x16 c:/ac6/systemworkbench/plugins/fr.ac6.mcu.externaltools.arm-none.win32_1.17.0.201812190825/tools/compiler/bin/../lib/gcc/arm-none-eabi/7.3.1/../../../../arm-none-eabi/lib/thumb/v6-m\libc_nano.a(lib_a-memchr-stub.o)
                0x0001f04c                memchr
 .text.__malloc_lock
                0x0001f062        0x2 c:/ac6/systemworkbench/plugins/fr.ac6.mcu.externaltools.arm-none.win32_1.17.0.201812190825/tools/compiler/bin/../lib/gcc/arm-none-eabi/7.3.1/../../../../arm-none-eabi/lib/thumb/v6-m\libc_nano.a(lib_a-mlock.o)
                0x0001f062                __malloc_lock
 .text.__malloc_unlock
                0x0001f064        0x2 c:/ac6/systemworkbench/plugins/fr.ac6.mcu.externaltools.arm-none.win32_1.17.0.201812190825/tools/compiler/bin/../lib/gcc/arm-none-eabi/7.3.1/../../../../arm-none-eabi/lib/thumb/v6-m\libc_nano.a(lib_a-mlock.o)
                0x0001f064                __malloc_unlock
 *fill*         0x0001f066        0x2 
 .text._free_r  0x0001f068       0x94 c:/ac6/systemworkbench/plugins/fr.ac6.mcu.externaltools.arm-none.win32_1.17.0.201812190825/tools/compiler/bin/../lib/gcc/arm-none-eabi/7.3.1/../../../../arm-none-eabi/lib/thumb/v6-m\libc_nano.a(lib_a-nano-freer.o)
                0x0001f068                _free_r
 .text._read_r  0x0001f0fc       0x28 c:/ac6/systemworkbench/plugins/fr.ac6.mcu.externaltools.arm-none.win32_1.17.0.201812190825/tools/compiler/bin/../lib/gcc/arm-none-eabi/7.3.1/../../../../arm-none-eabi/lib/thumb/v6-m\libc_nano.a(lib_a-readr.o)
                0x0001f0fc                _read_r
 .text._fstat_r
                0x0001f124       0x24 c:/ac6/systemworkbench/plugins/fr.ac6.mcu.externaltools.arm-none.win32_1.17.0.201812190825/tools/compiler/bin/../lib/gcc/arm-none-eabi/7.3.1/../../../../arm-none-eabi/lib/thumb/v6-m\libc_nano.a(lib_a-fstatr.o)
                0x0001f124                _fstat_r
 .text._isatty_r
                0x0001f148       0x24 c:/ac6/systemworkbench/plugins/fr.ac6.mcu.externaltools.arm-none.win32_1.17.0.201812190825/tools/compiler/bin/../lib/gcc/arm-none-eabi/7.3.1/../../../../arm-none-eabi/lib/thumb/v6-m\libc_nano.a(lib_a-isattyr.o)
                0x0001f148                _isatty_r
 .text._close   0x0001f16c       0x10 c:/ac6/systemworkbench/plugins/fr.ac6.mcu.externaltools.arm-none.win32_1.17.0.201812190825/tools/compiler/bin/../lib/gcc/arm-none-eabi/7.3.1/../../../../arm-none-eabi/lib/thumb/v6-m\libnosys.a(close.o)
                0x0001f16c                _close
 .text._fstat   0x0001f17c       0x10 c:/ac6/systemworkbench/plugins/fr.ac6.mcu.externaltools.arm-none.win32_1.17.0.201812190825/tools/compiler/bin/../lib/gcc/arm-none-eabi/7.3.1/../../../../arm-none-eabi/lib/thumb/v6-m\libnosys.a(fstat.o)
                0x0001f17c                _fstat
 .text._isatty  0x0001f18c       0x10 c:/ac6/systemworkbench/plugins/fr.ac6.mcu.externaltools.arm-none.win32_1.17.0.201812190825/tools/compiler/bin/../lib/gcc/arm-none-eabi/7.3.1/../../../../arm-none-eabi/lib/thumb/v6-m\libnosys.a(isatty.o)
                0x0001f18c                _isatty
 .text._lseek   0x0001f19c       0x10 c:/ac6/systemworkbench/plugins/fr.ac6.mcu.externaltools.arm-none.win32_1.17.0.201812190825/tools/compiler/bin/../lib/gcc/arm-none-eabi/7.3.1/../../../../arm-none-eabi/lib/thumb/v6-m\libnosys.a(lseek.o)
                0x0001f19c                _lseek
 .text._sbrk    0x0001f1ac       0x1c c:/ac6/systemworkbench/plugins/fr.ac6.mcu.externaltools.arm-none.win32_1.17.0.201812190825/tools/compiler/bin/../lib/gcc/arm-none-eabi/7.3.1/../../../../arm-none-eabi/lib/thumb/v6-m\libnosys.a(sbrk.o)
                0x0001f1ac                _sbrk
 *(.init)
 .init          0x0001f1c8        0x4 c:/ac6/systemworkbench/plugins/fr.ac6.mcu.externaltools.arm-none.win32_1.17.0.201812190825/tools/compiler/bin/../lib/gcc/arm-none-eabi/7.3.1/thumb/v6-m/crti.o
                0x0001f1c8                _init
 .init          0x0001f1cc        0x8 c:/ac6/systemworkbench/plugins/fr.ac6.mcu.externaltools.arm-none.win32_1.17.0.201812190825/tools/compiler/bin/../lib/gcc/arm-none-eabi/7.3.1/thumb/v6-m/crtn.o
 *(.fini)
 .fini          0x0001f1d4        0x4 c:/ac6/systemworkbench/plugins/fr.ac6.mcu.externaltools.arm-none.win32_1.17.0.201812190825/tools/compiler/bin/../lib/gcc/arm-none-eabi/7.3.1/thumb/v6-m/crti.o
                0x0001f1d4                _fini
 .fini          0x0001f1d8        0x8 c:/ac6/systemworkbench/plugins/fr.ac6.mcu.externaltools.arm-none.win32_1.17.0.201812190825/tools/compiler/bin/../lib/gcc/arm-none-eabi/7.3.1/thumb/v6-m/crtn.o
 *crtbegin.o(.ctors)
 *crtbegin?.o(.ctors)
 *(EXCLUDE_FILE(*crtend.o *crtend?.o) .ctors)
 *(SORT_BY_NAME(.ctors.*))
 *(.ctors)
 *crtbegin.o(.dtors)
 *crtbegin?.o(.dtors)
 *(EXCLUDE_FILE(*crtend.o *crtend?.o) .dtors)
 *(SORT_BY_NAME(.dtors.*))
 *(.dtors)
 *(.rodata*)
 .rodata._global_impure_ptr
                0x0001f1e0        0x4 c:/ac6/systemworkbench/plugins/fr.ac6.mcu.externaltools.arm-none.win32_1.17.0.201812190825/tools/compiler/bin/../lib/gcc/arm-none-eabi/7.3.1/../../../../arm-none-eabi/lib/thumb/v6-m\libc_nano.a(lib_a-impure.o)
                0x0001f1e0                _global_impure_ptr
 .rodata.m_default_config
                0x0001f1e4       0x10 _build/nrf_drv_timer.o
 .rodata.m_detection_delay_timer_id
                0x0001f1f4        0x4 _build/app_button.o
 .rodata        0x0001f1f8       0x20 _build/app_uart_fifo.o
 .rodata.m_default_config
                0x0001f218       0x20 _build/nrf_drv_uart.o
 .rodata.leds_timer_handler
                0x0001f238       0x60 _build/bsp.o
 .rodata.bsp_indication_set
                0x0001f298       0x60 _build/bsp.o
 .rodata.app_buttons
                0x0001f2f8       0x20 _build/bsp.o
 .rodata.m_alert_timer_id
                0x0001f318        0x4 _build/bsp.o
 .rodata.m_button_timer_id
                0x0001f31c        0x4 _build/bsp.o
 .rodata.m_buttons_list
                0x0001f320       0x10 _build/bsp.o
 .rodata.m_leds_timer_id
                0x0001f330        0x4 _build/bsp.o
 .rodata        0x0001f334       0x20 _build/main.o
 .rodata.PWM1   0x0001f354        0x8 _build/main.o
                0x0001f354                PWM1
 .rodata.m_pwm_PWM1_timer
                0x0001f35c        0x8 _build/main.o
                0x0001f35c                m_pwm_PWM1_timer
 .rodata.main.str1.4
                0x0001f364       0x18 _build/main.o
                                 0x16 (size before relaxing)
 .rodata.m_conn_params_timer_id
                0x0001f37c        0x4 _build/ble_conn_params.o
 .rodata        0x0001f380       0x10 _build/ble_nus.o
 .rodata.__sf_fake_stderr
                0x0001f390       0x20 c:/ac6/systemworkbench/plugins/fr.ac6.mcu.externaltools.arm-none.win32_1.17.0.201812190825/tools/compiler/bin/../lib/gcc/arm-none-eabi/7.3.1/../../../../arm-none-eabi/lib/thumb/v6-m\libc_nano.a(lib_a-findfp.o)
                0x0001f390                __sf_fake_stderr
 .rodata.__sf_fake_stdin
                0x0001f3b0       0x20 c:/ac6/systemworkbench/plugins/fr.ac6.mcu.externaltools.arm-none.win32_1.17.0.201812190825/tools/compiler/bin/../lib/gcc/arm-none-eabi/7.3.1/../../../../arm-none-eabi/lib/thumb/v6-m\libc_nano.a(lib_a-findfp.o)
                0x0001f3b0                __sf_fake_stdin
 .rodata.__sf_fake_stdout
                0x0001f3d0       0x20 c:/ac6/systemworkbench/plugins/fr.ac6.mcu.externaltools.arm-none.win32_1.17.0.201812190825/tools/compiler/bin/../lib/gcc/arm-none-eabi/7.3.1/../../../../arm-none-eabi/lib/thumb/v6-m\libc_nano.a(lib_a-findfp.o)
                0x0001f3d0                __sf_fake_stdout
 .rodata._vfprintf_r.str1.1
                0x0001f3f0       0x11 c:/ac6/systemworkbench/plugins/fr.ac6.mcu.externaltools.arm-none.win32_1.17.0.201812190825/tools/compiler/bin/../lib/gcc/arm-none-eabi/7.3.1/../../../../arm-none-eabi/lib/thumb/v6-m\libc_nano.a(lib_a-nano-vfprintf.o)
 .rodata._printf_i.str1.1
                0x0001f401       0x22 c:/ac6/systemworkbench/plugins/fr.ac6.mcu.externaltools.arm-none.win32_1.17.0.201812190825/tools/compiler/bin/../lib/gcc/arm-none-eabi/7.3.1/../../../../arm-none-eabi/lib/thumb/v6-m\libc_nano.a(lib_a-nano-vfprintf_i.o)
 *(.eh_frame*)
 *fill*         0x0001f423        0x1 
 .eh_frame      0x0001f424        0x0 c:/ac6/systemworkbench/plugins/fr.ac6.mcu.externaltools.arm-none.win32_1.17.0.201812190825/tools/compiler/bin/../lib/gcc/arm-none-eabi/7.3.1/thumb/v6-m/crtbegin.o
                0x0001f424                . = ALIGN (0x4)

.glue_7         0x0001f424        0x0
 .glue_7        0x0001f424        0x0 linker stubs

.glue_7t        0x0001f424        0x0
 .glue_7t       0x0001f424        0x0 linker stubs

.vfp11_veneer   0x0001f424        0x0
 .vfp11_veneer  0x0001f424        0x0 linker stubs

.v4_bx          0x0001f424        0x0
 .v4_bx         0x0001f424        0x0 linker stubs

.iplt           0x0001f424        0x0
 .iplt          0x0001f424        0x0 c:/ac6/systemworkbench/plugins/fr.ac6.mcu.externaltools.arm-none.win32_1.17.0.201812190825/tools/compiler/bin/../lib/gcc/arm-none-eabi/7.3.1/thumb/v6-m/crtbegin.o

.ARM.extab      0x0001f424        0x0
 *(.ARM.extab* .gnu.linkonce.armextab.*)
                0x0001f424                . = ALIGN (0x4)
                0x0001f424                __exidx_start = .

.ARM.exidx      0x0001f424        0x8
 *(.ARM.exidx* .gnu.linkonce.armexidx.*)
 .ARM.exidx     0x0001f424        0x8 c:/ac6/systemworkbench/plugins/fr.ac6.mcu.externaltools.arm-none.win32_1.17.0.201812190825/tools/compiler/bin/../lib/gcc/arm-none-eabi/7.3.1/../../../../arm-none-eabi/lib/thumb/v6-m/crt0.o
 .ARM.exidx     0x0001f42c        0x0 _build/gcc_startup_nrf51.o
                                  0x8 (size before relaxing)
                0x0001f42c                . = ALIGN (0x4)
                0x0001f42c                __exidx_end = .
                0x0001f42c                __etext = .

.rel.dyn        0x0001f42c        0x0
 .rel.iplt      0x0001f42c        0x0 c:/ac6/systemworkbench/plugins/fr.ac6.mcu.externaltools.arm-none.win32_1.17.0.201812190825/tools/compiler/bin/../lib/gcc/arm-none-eabi/7.3.1/thumb/v6-m/crtbegin.o

.data           0x20002000       0x84 load address 0x0001f42c
                0x20002000                __data_start__ = .
 *(vtable)
 *(.data*)
 .data._impure_ptr
                0x20002000        0x4 c:/ac6/systemworkbench/plugins/fr.ac6.mcu.externaltools.arm-none.win32_1.17.0.201812190825/tools/compiler/bin/../lib/gcc/arm-none-eabi/7.3.1/../../../../arm-none-eabi/lib/thumb/v6-m\libc_nano.a(lib_a-impure.o)
                0x20002000                _impure_ptr
 .data.impure_data
                0x20002004       0x60 c:/ac6/systemworkbench/plugins/fr.ac6.mcu.externaltools.arm-none.win32_1.17.0.201812190825/tools/compiler/bin/../lib/gcc/arm-none-eabi/7.3.1/../../../../arm-none-eabi/lib/thumb/v6-m\libc_nano.a(lib_a-impure.o)
 .data.m_adv_uuids
                0x20002064        0x4 _build/main.o
 .data.m_conn_handle
                0x20002068        0x2 _build/main.o
 *fill*         0x2000206a        0x2 
 .data.pwm_d    0x2000206c        0x5 _build/main.o
                0x2000206c                pwm_d
 *fill*         0x20002071        0x3 
 .data.pwm_g    0x20002074        0x5 _build/main.o
                0x20002074                pwm_g
 *fill*         0x20002079        0x1 
 .data.current_slave_link_conn_handle.7302
                0x2000207a        0x2 _build/ble_advertising.o
                0x2000207c                . = ALIGN (0x4)
                0x2000207c                PROVIDE (__preinit_array_start = .)
 *(.preinit_array)
                0x2000207c                PROVIDE (__preinit_array_end = .)
                0x2000207c                . = ALIGN (0x4)
                0x2000207c                PROVIDE (__init_array_start = .)
 *(SORT_BY_NAME(.init_array.*))
 *(.init_array)
 .init_array    0x2000207c        0x4 c:/ac6/systemworkbench/plugins/fr.ac6.mcu.externaltools.arm-none.win32_1.17.0.201812190825/tools/compiler/bin/../lib/gcc/arm-none-eabi/7.3.1/thumb/v6-m/crtbegin.o
                0x20002080                PROVIDE (__init_array_end = .)
                0x20002080                . = ALIGN (0x4)
                [!provide]                PROVIDE (__fini_array_start = .)
 *(SORT_BY_NAME(.fini_array.*))
 *(.fini_array)
 .fini_array    0x20002080        0x4 c:/ac6/systemworkbench/plugins/fr.ac6.mcu.externaltools.arm-none.win32_1.17.0.201812190825/tools/compiler/bin/../lib/gcc/arm-none-eabi/7.3.1/thumb/v6-m/crtbegin.o
                [!provide]                PROVIDE (__fini_array_end = .)
 *(.jcr)
                0x20002084                . = ALIGN (0x4)
                0x20002084                __data_end__ = .

.igot.plt       0x20002084        0x0 load address 0x0001f4b0
 .igot.plt      0x20002084        0x0 c:/ac6/systemworkbench/plugins/fr.ac6.mcu.externaltools.arm-none.win32_1.17.0.201812190825/tools/compiler/bin/../lib/gcc/arm-none-eabi/7.3.1/thumb/v6-m/crtbegin.o

.bss            0x20002084      0x8d8 load address 0x0001f4b0
                0x20002084                . = ALIGN (0x4)
                0x20002084                __bss_start__ = .
 *(.bss*)
 .bss           0x20002084       0x1c c:/ac6/systemworkbench/plugins/fr.ac6.mcu.externaltools.arm-none.win32_1.17.0.201812190825/tools/compiler/bin/../lib/gcc/arm-none-eabi/7.3.1/thumb/v6-m/crtbegin.o
 .bss.m_instances
                0x200020a0        0x8 _build/app_pwm.o
 .bss.m_pwm_busy
                0x200020a8        0x2 _build/app_pwm.o
 *fill*         0x200020aa        0x2 
 .bss.m_pwm_target_value
                0x200020ac        0x8 _build/app_pwm.o
 .bss.m_channels_allocated
                0x200020b4        0x4 _build/nrf_drv_ppi.o
 .bss.m_drv_state
                0x200020b8        0x1 _build/nrf_drv_ppi.o
 .bss.m_groups_allocated
                0x200020b9        0x1 _build/nrf_drv_ppi.o
 *fill*         0x200020ba        0x2 
 .bss.m_cb      0x200020bc        0x2 _build/nrf_drv_timer.o
 *fill*         0x200020be        0x2 
 .bss.m_timer_event_handlers
                0x200020c0        0x8 _build/nrf_drv_timer.o
 .bss.mp_contexts
                0x200020c8        0x8 _build/nrf_drv_timer.o
 .bss.m_button_count
                0x200020d0        0x1 _build/app_button.o
 *fill*         0x200020d1        0x3 
 .bss.m_detection_delay
                0x200020d4        0x4 _build/app_button.o
 .bss.m_detection_delay_timer_id_data
                0x200020d8       0x20 _build/app_button.o
 .bss.m_pin_state
                0x200020f8        0x4 _build/app_button.o
 .bss.m_pin_transition
                0x200020fc        0x4 _build/app_button.o
 .bss.mp_buttons
                0x20002100        0x4 _build/app_button.o
 .bss.m_evt_schedule_func
                0x20002104        0x4 _build/app_timer.o
 .bss.m_rtc1_reset
                0x20002108        0x1 _build/app_timer.o
 .bss.m_rtc1_running
                0x20002109        0x1 _build/app_timer.o
 *fill*         0x2000210a        0x2 
 .bss.m_ticks_elapsed
                0x2000210c        0x8 _build/app_timer.o
 .bss.m_ticks_elapsed_q_read_ind
                0x20002114        0x1 _build/app_timer.o
 .bss.m_ticks_elapsed_q_write_ind
                0x20002115        0x1 _build/app_timer.o
 *fill*         0x20002116        0x2 
 .bss.m_ticks_latest
                0x20002118        0x4 _build/app_timer.o
 .bss.m_user_array_size
                0x2000211c        0x1 _build/app_timer.o
 *fill*         0x2000211d        0x3 
 .bss.mp_timer_id_head
                0x20002120        0x4 _build/app_timer.o
 .bss.mp_users  0x20002124        0x4 _build/app_timer.o
 .bss.m_event_handler
                0x20002128        0x4 _build/app_uart_fifo.o
 .bss.m_rx_fifo
                0x2000212c       0x10 _build/app_uart_fifo.o
 .bss.m_tx_fifo
                0x2000213c       0x10 _build/app_uart_fifo.o
 .bss.rx_buffer
                0x2000214c        0x1 _build/app_uart_fifo.o
 *fill*         0x2000214d        0x3 
 .bss.tx_buffer
                0x20002150        0x1 _build/app_uart_fifo.o
 .bss.tx_tmp    0x20002151        0x1 _build/app_uart_fifo.o
 *fill*         0x20002152        0x2 
 .bss.m_cb      0x20002154       0x48 _build/nrf_drv_gpiote.o
 .bss.m_cb      0x2000219c       0x18 _build/nrf_drv_uart.o
 .bss.m_cmd_queue
                0x200021b4       0xcc _build/pstorage.o
 .bss.m_flags   0x20002280        0x4 _build/pstorage.o
 .bss.current_long_push_pin_no.6048
                0x20002284        0x1 _build/bsp.o
 *fill*         0x20002285        0x3 
 .bss.m_alert_mask
                0x20002288        0x4 _build/bsp.o
 .bss.m_alert_timer_id_data
                0x2000228c       0x20 _build/bsp.o
 .bss.m_app_ticks_per_100ms
                0x200022ac        0x4 _build/bsp.o
 .bss.m_button_timer_id_data
                0x200022b0       0x20 _build/bsp.o
 .bss.m_events_list
                0x200022d0        0xc _build/bsp.o
 .bss.m_indication_type
                0x200022dc        0x4 _build/bsp.o
 .bss.m_leds_timer_id_data
                0x200022e0       0x20 _build/bsp.o
 .bss.m_registered_callback
                0x20002300        0x4 _build/bsp.o
 .bss.m_stable_state
                0x20002304        0x1 _build/bsp.o
 *fill*         0x20002305        0x3 
 .bss.release_event_at_push.6049
                0x20002308        0x4 _build/bsp.o
 .bss.m_error_handler
                0x2000230c        0x4 _build/bsp_btn_ble.o
 .bss.m_num_connections
                0x20002310        0x4 _build/bsp_btn_ble.o
 .bss.APP_TIMER_BUF.8925
                0x20002314      0x1c8 _build/main.o
 .bss.BLE_EVT_BUFFER.8861
                0x200024dc       0x48 _build/main.o
 .bss.data_array.8881
                0x20002524       0x14 _build/main.o
 .bss.index.8882
                0x20002538        0x1 _build/main.o
 *fill*         0x20002539        0x3 
 .bss.m_nus     0x2000253c       0x1c _build/main.o
 .bss.ready_flag
                0x20002558        0x1 _build/main.o
 *fill*         0x20002559        0x3 
 .bss.rx_buf.8896
                0x2000255c      0x100 _build/main.o
 .bss.tx_buf.8897
                0x2000265c      0x100 _build/main.o
 .bss.valide    0x2000275c        0x1 _build/main.o
                0x2000275c                valide
 .bss.m_adv_evt
                0x2000275d        0x1 _build/ble_advertising.o
 .bss.m_adv_mode_current
                0x2000275e        0x1 _build/ble_advertising.o
 *fill*         0x2000275f        0x1 
 .bss.m_adv_modes_config
                0x20002760       0x24 _build/ble_advertising.o
 .bss.m_advdata
                0x20002784       0x38 _build/ble_advertising.o
 .bss.m_advertising_start_pending
                0x200027bc        0x1 _build/ble_advertising.o
 *fill*         0x200027bd        0x3 
 .bss.m_error_handler
                0x200027c0        0x4 _build/ble_advertising.o
 .bss.m_evt_handler
                0x200027c4        0x4 _build/ble_advertising.o
 .bss.m_manuf_data_array
                0x200027c8       0x1f _build/ble_advertising.o
 *fill*         0x200027e7        0x1 
 .bss.m_manuf_specific_data
                0x200027e8        0xc _build/ble_advertising.o
 .bss.m_peer_addr_reply_expected
                0x200027f4        0x1 _build/ble_advertising.o
 *fill*         0x200027f5        0x3 
 .bss.m_peer_address
                0x200027f8        0x7 _build/ble_advertising.o
 *fill*         0x200027ff        0x1 
 .bss.m_service_data
                0x20002800        0xc _build/ble_advertising.o
 .bss.m_service_data_array
                0x2000280c       0x1f _build/ble_advertising.o
 *fill*         0x2000282b        0x1 
 .bss.m_slave_conn_int
                0x2000282c        0x4 _build/ble_advertising.o
 .bss.m_tx_power_level
                0x20002830        0x1 _build/ble_advertising.o
 *fill*         0x20002831        0x3 
 .bss.m_whitelist
                0x20002834       0x10 _build/ble_advertising.o
 .bss.m_whitelist_reply_expected
                0x20002844        0x1 _build/ble_advertising.o
 .bss.m_whitelist_temporarily_disabled
                0x20002845        0x1 _build/ble_advertising.o
 *fill*         0x20002846        0x2 
 .bss.mp_whitelist_addr
                0x20002848       0x20 _build/ble_advertising.o
 .bss.mp_whitelist_irk
                0x20002868       0x20 _build/ble_advertising.o
 .bss.m_change_param
                0x20002888        0x1 _build/ble_conn_params.o
 *fill*         0x20002889        0x1 
 .bss.m_conn_handle
                0x2000288a        0x2 _build/ble_conn_params.o
 .bss.m_conn_params_config
                0x2000288c       0x1c _build/ble_conn_params.o
 .bss.m_conn_params_timer_id_data
                0x200028a8       0x20 _build/ble_conn_params.o
 .bss.m_current_conn_params
                0x200028c8        0x8 _build/ble_conn_params.o
 .bss.m_preferred_conn_params
                0x200028d0        0x8 _build/ble_conn_params.o
 .bss.m_update_count
                0x200028d8        0x1 _build/ble_conn_params.o
 *fill*         0x200028d9        0x1 
 .bss.m_ble_evt_buffer_size
                0x200028da        0x2 _build/softdevice_handler.o
 .bss.m_ble_evt_handler
                0x200028dc        0x4 _build/softdevice_handler.o
 .bss.m_evt_schedule_func
                0x200028e0        0x4 _build/softdevice_handler.o
 .bss.m_softdevice_enabled
                0x200028e4        0x1 _build/softdevice_handler.o
 *fill*         0x200028e5        0x3 
 .bss.m_sys_evt_handler
                0x200028e8        0x4 _build/softdevice_handler.o
 .bss.mp_ble_evt_buffer
                0x200028ec        0x4 _build/softdevice_handler.o
 .bss.__malloc_free_list
                0x200028f0        0x4 c:/ac6/systemworkbench/plugins/fr.ac6.mcu.externaltools.arm-none.win32_1.17.0.201812190825/tools/compiler/bin/../lib/gcc/arm-none-eabi/7.3.1/../../../../arm-none-eabi/lib/thumb/v6-m\libc_nano.a(lib_a-nano-mallocr.o)
                0x200028f0                __malloc_free_list
 .bss.__malloc_sbrk_start
                0x200028f4        0x4 c:/ac6/systemworkbench/plugins/fr.ac6.mcu.externaltools.arm-none.win32_1.17.0.201812190825/tools/compiler/bin/../lib/gcc/arm-none-eabi/7.3.1/../../../../arm-none-eabi/lib/thumb/v6-m\libc_nano.a(lib_a-nano-mallocr.o)
                0x200028f4                __malloc_sbrk_start
 .bss.heap_end.4102
                0x200028f8        0x4 c:/ac6/systemworkbench/plugins/fr.ac6.mcu.externaltools.arm-none.win32_1.17.0.201812190825/tools/compiler/bin/../lib/gcc/arm-none-eabi/7.3.1/../../../../arm-none-eabi/lib/thumb/v6-m\libnosys.a(sbrk.o)
 *(COMMON)
 COMMON         0x200028fc        0x4 _build/app_pwm.o
                0x200028fc                m_pwm_ready_counter
 COMMON         0x20002900       0x58 _build/main.o
                0x20002900                buffer_reception
                0x20002932                size
                0x20002934                m_pwm_PWM1_cb
 COMMON         0x20002958        0x4 c:/ac6/systemworkbench/plugins/fr.ac6.mcu.externaltools.arm-none.win32_1.17.0.201812190825/tools/compiler/bin/../lib/gcc/arm-none-eabi/7.3.1/../../../../arm-none-eabi/lib/thumb/v6-m\libc_nano.a(lib_a-reent.o)
                0x20002958                errno
                0x2000295c                . = ALIGN (0x4)
                0x2000295c                __bss_end__ = .

.heap           0x20002960      0x800
                0x20002960                __end__ = .
                0x20002960                end = __end__
 *(.heap*)
 .heap          0x20002960      0x800 _build/gcc_startup_nrf51.o
                0x20002960                __HeapBase
                0x20003160                __HeapLimit = .

.stack_dummy    0x20002960      0x800
 *(.stack*)
 .stack         0x20002960      0x800 _build/gcc_startup_nrf51.o
                0x20004000                __StackTop = (ORIGIN (RAM) + LENGTH (RAM))
                0x20003800                __StackLimit = (__StackTop - SIZEOF (.stack_dummy))
                0x20004000                PROVIDE (__stack = __StackTop)
                0x00000001                ASSERT ((__StackLimit >= __HeapLimit), region RAM overflowed with stack)
OUTPUT(_build/nrf51422_xxac_s110.out elf32-littlearm)

.ARM.attributes
                0x00000000       0x28
 .ARM.attributes
                0x00000000       0x1e c:/ac6/systemworkbench/plugins/fr.ac6.mcu.externaltools.arm-none.win32_1.17.0.201812190825/tools/compiler/bin/../lib/gcc/arm-none-eabi/7.3.1/thumb/v6-m/crti.o
 .ARM.attributes
                0x0000001e       0x2c c:/ac6/systemworkbench/plugins/fr.ac6.mcu.externaltools.arm-none.win32_1.17.0.201812190825/tools/compiler/bin/../lib/gcc/arm-none-eabi/7.3.1/thumb/v6-m/crtbegin.o
 .ARM.attributes
                0x0000004a       0x1b c:/ac6/systemworkbench/plugins/fr.ac6.mcu.externaltools.arm-none.win32_1.17.0.201812190825/tools/compiler/bin/../lib/gcc/arm-none-eabi/7.3.1/../../../../arm-none-eabi/lib/thumb/v6-m/crt0.o
 .ARM.attributes
                0x00000065       0x2c c:/ac6/systemworkbench/plugins/fr.ac6.mcu.externaltools.arm-none.win32_1.17.0.201812190825/tools/compiler/bin/../lib/gcc/arm-none-eabi/7.3.1/../../../../arm-none-eabi/lib/thumb/v6-m\libc_nano.a(lib_a-exit.o)
 .ARM.attributes
                0x00000091       0x2c c:/ac6/systemworkbench/plugins/fr.ac6.mcu.externaltools.arm-none.win32_1.17.0.201812190825/tools/compiler/bin/../lib/gcc/arm-none-eabi/7.3.1/../../../../arm-none-eabi/lib/thumb/v6-m\libc_nano.a(lib_a-impure.o)
 .ARM.attributes
                0x000000bd       0x2c c:/ac6/systemworkbench/plugins/fr.ac6.mcu.externaltools.arm-none.win32_1.17.0.201812190825/tools/compiler/bin/../lib/gcc/arm-none-eabi/7.3.1/../../../../arm-none-eabi/lib/thumb/v6-m\libc_nano.a(lib_a-init.o)
 .ARM.attributes
                0x000000e9       0x2c c:/ac6/systemworkbench/plugins/fr.ac6.mcu.externaltools.arm-none.win32_1.17.0.201812190825/tools/compiler/bin/../lib/gcc/arm-none-eabi/7.3.1/../../../../arm-none-eabi/lib/thumb/v6-m\libc_nano.a(lib_a-memset.o)
 .ARM.attributes
                0x00000115       0x2c c:/ac6/systemworkbench/plugins/fr.ac6.mcu.externaltools.arm-none.win32_1.17.0.201812190825/tools/compiler/bin/../lib/gcc/arm-none-eabi/7.3.1/../../../../arm-none-eabi/lib/thumb/v6-m\libnosys.a(_exit.o)
 .ARM.attributes
                0x00000141       0x31 _build/app_pwm.o
 .ARM.attributes
                0x00000172       0x31 _build/nrf_drv_ppi.o
 .ARM.attributes
                0x000001a3       0x31 _build/nrf_drv_timer.o
 .ARM.attributes
                0x000001d4       0x31 _build/app_button.o
 .ARM.attributes
                0x00000205       0x31 _build/app_error.o
 .ARM.attributes
                0x00000236       0x31 _build/app_fifo.o
 .ARM.attributes
                0x00000267       0x31 _build/app_timer.o
 .ARM.attributes
                0x00000298       0x31 _build/retarget.o
 .ARM.attributes
                0x000002c9       0x31 _build/app_uart_fifo.o
 .ARM.attributes
                0x000002fa       0x31 _build/nrf_drv_common.o
 .ARM.attributes
                0x0000032b       0x31 _build/nrf_drv_gpiote.o
 .ARM.attributes
                0x0000035c       0x31 _build/nrf_drv_uart.o
 .ARM.attributes
                0x0000038d       0x31 _build/pstorage.o
 .ARM.attributes
                0x000003be       0x31 _build/bsp.o
 .ARM.attributes
                0x000003ef       0x31 _build/bsp_btn_ble.o
 .ARM.attributes
                0x00000420       0x31 _build/main.o
 .ARM.attributes
                0x00000451       0x31 _build/ble_advdata.o
 .ARM.attributes
                0x00000482       0x31 _build/ble_advertising.o
 .ARM.attributes
                0x000004b3       0x31 _build/ble_conn_params.o
 .ARM.attributes
                0x000004e4       0x31 _build/ble_nus.o
 .ARM.attributes
                0x00000515       0x31 _build/system_nrf51.o
 .ARM.attributes
                0x00000546       0x31 _build/softdevice_handler.o
 .ARM.attributes
                0x00000577       0x1b _build/gcc_startup_nrf51.o
 .ARM.attributes
                0x00000592       0x1e c:/ac6/systemworkbench/plugins/fr.ac6.mcu.externaltools.arm-none.win32_1.17.0.201812190825/tools/compiler/bin/../lib/gcc/arm-none-eabi/7.3.1/thumb/v6-m\libgcc.a(_udivsi3.o)
 .ARM.attributes
                0x000005b0       0x1e c:/ac6/systemworkbench/plugins/fr.ac6.mcu.externaltools.arm-none.win32_1.17.0.201812190825/tools/compiler/bin/../lib/gcc/arm-none-eabi/7.3.1/thumb/v6-m\libgcc.a(_dvmd_tls.o)
 .ARM.attributes
                0x000005ce       0x2c c:/ac6/systemworkbench/plugins/fr.ac6.mcu.externaltools.arm-none.win32_1.17.0.201812190825/tools/compiler/bin/../lib/gcc/arm-none-eabi/7.3.1/../../../../arm-none-eabi/lib/thumb/v6-m\libc_nano.a(lib_a-memcpy-stub.o)
 .ARM.attributes
                0x000005fa       0x2c c:/ac6/systemworkbench/plugins/fr.ac6.mcu.externaltools.arm-none.win32_1.17.0.201812190825/tools/compiler/bin/../lib/gcc/arm-none-eabi/7.3.1/../../../../arm-none-eabi/lib/thumb/v6-m\libc_nano.a(lib_a-printf.o)
 .ARM.attributes
                0x00000626       0x1c c:/ac6/systemworkbench/plugins/fr.ac6.mcu.externaltools.arm-none.win32_1.17.0.201812190825/tools/compiler/bin/../lib/gcc/arm-none-eabi/7.3.1/../../../../arm-none-eabi/lib/thumb/v6-m\libc_nano.a(lib_a-strlen.o)
 .ARM.attributes
                0x00000642       0x2c c:/ac6/systemworkbench/plugins/fr.ac6.mcu.externaltools.arm-none.win32_1.17.0.201812190825/tools/compiler/bin/../lib/gcc/arm-none-eabi/7.3.1/../../../../arm-none-eabi/lib/thumb/v6-m\libc_nano.a(lib_a-findfp.o)
 .ARM.attributes
                0x0000066e       0x2c c:/ac6/systemworkbench/plugins/fr.ac6.mcu.externaltools.arm-none.win32_1.17.0.201812190825/tools/compiler/bin/../lib/gcc/arm-none-eabi/7.3.1/../../../../arm-none-eabi/lib/thumb/v6-m\libc_nano.a(lib_a-fwalk.o)
 .ARM.attributes
                0x0000069a       0x2c c:/ac6/systemworkbench/plugins/fr.ac6.mcu.externaltools.arm-none.win32_1.17.0.201812190825/tools/compiler/bin/../lib/gcc/arm-none-eabi/7.3.1/../../../../arm-none-eabi/lib/thumb/v6-m\libc_nano.a(lib_a-nano-mallocr.o)
 .ARM.attributes
                0x000006c6       0x2c c:/ac6/systemworkbench/plugins/fr.ac6.mcu.externaltools.arm-none.win32_1.17.0.201812190825/tools/compiler/bin/../lib/gcc/arm-none-eabi/7.3.1/../../../../arm-none-eabi/lib/thumb/v6-m\libc_nano.a(lib_a-nano-vfprintf.o)
 .ARM.attributes
                0x000006f2       0x2c c:/ac6/systemworkbench/plugins/fr.ac6.mcu.externaltools.arm-none.win32_1.17.0.201812190825/tools/compiler/bin/../lib/gcc/arm-none-eabi/7.3.1/../../../../arm-none-eabi/lib/thumb/v6-m\libc_nano.a(lib_a-nano-vfprintf_i.o)
 .ARM.attributes
                0x0000071e       0x2c c:/ac6/systemworkbench/plugins/fr.ac6.mcu.externaltools.arm-none.win32_1.17.0.201812190825/tools/compiler/bin/../lib/gcc/arm-none-eabi/7.3.1/../../../../arm-none-eabi/lib/thumb/v6-m\libc_nano.a(lib_a-sbrkr.o)
 .ARM.attributes
                0x0000074a       0x2c c:/ac6/systemworkbench/plugins/fr.ac6.mcu.externaltools.arm-none.win32_1.17.0.201812190825/tools/compiler/bin/../lib/gcc/arm-none-eabi/7.3.1/../../../../arm-none-eabi/lib/thumb/v6-m\libc_nano.a(lib_a-stdio.o)
 .ARM.attributes
                0x00000776       0x2c c:/ac6/systemworkbench/plugins/fr.ac6.mcu.externaltools.arm-none.win32_1.17.0.201812190825/tools/compiler/bin/../lib/gcc/arm-none-eabi/7.3.1/../../../../arm-none-eabi/lib/thumb/v6-m\libc_nano.a(lib_a-wbuf.o)
 .ARM.attributes
                0x000007a2       0x2c c:/ac6/systemworkbench/plugins/fr.ac6.mcu.externaltools.arm-none.win32_1.17.0.201812190825/tools/compiler/bin/../lib/gcc/arm-none-eabi/7.3.1/../../../../arm-none-eabi/lib/thumb/v6-m\libc_nano.a(lib_a-writer.o)
 .ARM.attributes
                0x000007ce       0x2c c:/ac6/systemworkbench/plugins/fr.ac6.mcu.externaltools.arm-none.win32_1.17.0.201812190825/tools/compiler/bin/../lib/gcc/arm-none-eabi/7.3.1/../../../../arm-none-eabi/lib/thumb/v6-m\libc_nano.a(lib_a-wsetup.o)
 .ARM.attributes
                0x000007fa       0x2c c:/ac6/systemworkbench/plugins/fr.ac6.mcu.externaltools.arm-none.win32_1.17.0.201812190825/tools/compiler/bin/../lib/gcc/arm-none-eabi/7.3.1/../../../../arm-none-eabi/lib/thumb/v6-m\libc_nano.a(lib_a-closer.o)
 .ARM.attributes
                0x00000826       0x2c c:/ac6/systemworkbench/plugins/fr.ac6.mcu.externaltools.arm-none.win32_1.17.0.201812190825/tools/compiler/bin/../lib/gcc/arm-none-eabi/7.3.1/../../../../arm-none-eabi/lib/thumb/v6-m\libc_nano.a(lib_a-fflush.o)
 .ARM.attributes
                0x00000852       0x2c c:/ac6/systemworkbench/plugins/fr.ac6.mcu.externaltools.arm-none.win32_1.17.0.201812190825/tools/compiler/bin/../lib/gcc/arm-none-eabi/7.3.1/../../../../arm-none-eabi/lib/thumb/v6-m\libc_nano.a(lib_a-lseekr.o)
 .ARM.attributes
                0x0000087e       0x2c c:/ac6/systemworkbench/plugins/fr.ac6.mcu.externaltools.arm-none.win32_1.17.0.201812190825/tools/compiler/bin/../lib/gcc/arm-none-eabi/7.3.1/../../../../arm-none-eabi/lib/thumb/v6-m\libc_nano.a(lib_a-makebuf.o)
 .ARM.attributes
                0x000008aa       0x2c c:/ac6/systemworkbench/plugins/fr.ac6.mcu.externaltools.arm-none.win32_1.17.0.201812190825/tools/compiler/bin/../lib/gcc/arm-none-eabi/7.3.1/../../../../arm-none-eabi/lib/thumb/v6-m\libc_nano.a(lib_a-memchr-stub.o)
 .ARM.attributes
                0x000008d6       0x2c c:/ac6/systemworkbench/plugins/fr.ac6.mcu.externaltools.arm-none.win32_1.17.0.201812190825/tools/compiler/bin/../lib/gcc/arm-none-eabi/7.3.1/../../../../arm-none-eabi/lib/thumb/v6-m\libc_nano.a(lib_a-mlock.o)
 .ARM.attributes
                0x00000902       0x2c c:/ac6/systemworkbench/plugins/fr.ac6.mcu.externaltools.arm-none.win32_1.17.0.201812190825/tools/compiler/bin/../lib/gcc/arm-none-eabi/7.3.1/../../../../arm-none-eabi/lib/thumb/v6-m\libc_nano.a(lib_a-nano-freer.o)
 .ARM.attributes
                0x0000092e       0x2c c:/ac6/systemworkbench/plugins/fr.ac6.mcu.externaltools.arm-none.win32_1.17.0.201812190825/tools/compiler/bin/../lib/gcc/arm-none-eabi/7.3.1/../../../../arm-none-eabi/lib/thumb/v6-m\libc_nano.a(lib_a-readr.o)
 .ARM.attributes
                0x0000095a       0x2c c:/ac6/systemworkbench/plugins/fr.ac6.mcu.externaltools.arm-none.win32_1.17.0.201812190825/tools/compiler/bin/../lib/gcc/arm-none-eabi/7.3.1/../../../../arm-none-eabi/lib/thumb/v6-m\libc_nano.a(lib_a-reent.o)
 .ARM.attributes
                0x00000986       0x2c c:/ac6/systemworkbench/plugins/fr.ac6.mcu.externaltools.arm-none.win32_1.17.0.201812190825/tools/compiler/bin/../lib/gcc/arm-none-eabi/7.3.1/../../../../arm-none-eabi/lib/thumb/v6-m\libc_nano.a(lib_a-fstatr.o)
 .ARM.attributes
                0x000009b2       0x2c c:/ac6/systemworkbench/plugins/fr.ac6.mcu.externaltools.arm-none.win32_1.17.0.201812190825/tools/compiler/bin/../lib/gcc/arm-none-eabi/7.3.1/../../../../arm-none-eabi/lib/thumb/v6-m\libc_nano.a(lib_a-isattyr.o)
 .ARM.attributes
                0x000009de       0x1e c:/ac6/systemworkbench/plugins/fr.ac6.mcu.externaltools.arm-none.win32_1.17.0.201812190825/tools/compiler/bin/../lib/gcc/arm-none-eabi/7.3.1/thumb/v6-m/crtn.o
 .ARM.attributes
                0x000009fc       0x2c c:/ac6/systemworkbench/plugins/fr.ac6.mcu.externaltools.arm-none.win32_1.17.0.201812190825/tools/compiler/bin/../lib/gcc/arm-none-eabi/7.3.1/../../../../arm-none-eabi/lib/thumb/v6-m\libnosys.a(close.o)
 .ARM.attributes
                0x00000a28       0x2c c:/ac6/systemworkbench/plugins/fr.ac6.mcu.externaltools.arm-none.win32_1.17.0.201812190825/tools/compiler/bin/../lib/gcc/arm-none-eabi/7.3.1/../../../../arm-none-eabi/lib/thumb/v6-m\libnosys.a(fstat.o)
 .ARM.attributes
                0x00000a54       0x2c c:/ac6/systemworkbench/plugins/fr.ac6.mcu.externaltools.arm-none.win32_1.17.0.201812190825/tools/compiler/bin/../lib/gcc/arm-none-eabi/7.3.1/../../../../arm-none-eabi/lib/thumb/v6-m\libnosys.a(isatty.o)
 .ARM.attributes
                0x00000a80       0x2c c:/ac6/systemworkbench/plugins/fr.ac6.mcu.externaltools.arm-none.win32_1.17.0.201812190825/tools/compiler/bin/../lib/gcc/arm-none-eabi/7.3.1/../../../../arm-none-eabi/lib/thumb/v6-m\libnosys.a(lseek.o)
 .ARM.attributes
                0x00000aac       0x2c c:/ac6/systemworkbench/plugins/fr.ac6.mcu.externaltools.arm-none.win32_1.17.0.201812190825/tools/compiler/bin/../lib/gcc/arm-none-eabi/7.3.1/../../../../arm-none-eabi/lib/thumb/v6-m\libnosys.a(sbrk.o)

.comment        0x00000000       0x7f
 .comment       0x00000000       0x7f _build/app_pwm.o
                                 0x80 (size before relaxing)
 .comment       0x0000007f       0x80 _build/nrf_drv_ppi.o
 .comment       0x0000007f       0x80 _build/nrf_drv_timer.o
 .comment       0x0000007f       0x80 _build/app_button.o
 .comment       0x0000007f       0x80 _build/app_error.o
 .comment       0x0000007f       0x80 _build/app_fifo.o
 .comment       0x0000007f       0x80 _build/app_timer.o
 .comment       0x0000007f       0x80 _build/retarget.o
 .comment       0x0000007f       0x80 _build/app_uart_fifo.o
 .comment       0x0000007f       0x80 _build/nrf_drv_common.o
 .comment       0x0000007f       0x80 _build/nrf_drv_gpiote.o
 .comment       0x0000007f       0x80 _build/nrf_drv_uart.o
 .comment       0x0000007f       0x80 _build/pstorage.o
 .comment       0x0000007f       0x80 _build/bsp.o
 .comment       0x0000007f       0x80 _build/bsp_btn_ble.o
 .comment       0x0000007f       0x80 _build/main.o
 .comment       0x0000007f       0x80 _build/ble_advdata.o
 .comment       0x0000007f       0x80 _build/ble_advertising.o
 .comment       0x0000007f       0x80 _build/ble_conn_params.o
 .comment       0x0000007f       0x80 _build/ble_nus.o
 .comment       0x0000007f       0x80 _build/system_nrf51.o
 .comment       0x0000007f       0x80 _build/softdevice_handler.o

.debug_frame    0x00000000      0x838
 .debug_frame   0x00000000       0x28 c:/ac6/systemworkbench/plugins/fr.ac6.mcu.externaltools.arm-none.win32_1.17.0.201812190825/tools/compiler/bin/../lib/gcc/arm-none-eabi/7.3.1/../../../../arm-none-eabi/lib/thumb/v6-m\libc_nano.a(lib_a-exit.o)
 .debug_frame   0x00000028       0x2c c:/ac6/systemworkbench/plugins/fr.ac6.mcu.externaltools.arm-none.win32_1.17.0.201812190825/tools/compiler/bin/../lib/gcc/arm-none-eabi/7.3.1/../../../../arm-none-eabi/lib/thumb/v6-m\libc_nano.a(lib_a-init.o)
 .debug_frame   0x00000054       0x20 c:/ac6/systemworkbench/plugins/fr.ac6.mcu.externaltools.arm-none.win32_1.17.0.201812190825/tools/compiler/bin/../lib/gcc/arm-none-eabi/7.3.1/../../../../arm-none-eabi/lib/thumb/v6-m\libc_nano.a(lib_a-memset.o)
 .debug_frame   0x00000074       0x20 c:/ac6/systemworkbench/plugins/fr.ac6.mcu.externaltools.arm-none.win32_1.17.0.201812190825/tools/compiler/bin/../lib/gcc/arm-none-eabi/7.3.1/../../../../arm-none-eabi/lib/thumb/v6-m\libnosys.a(_exit.o)
 .debug_frame   0x00000094       0x20 c:/ac6/systemworkbench/plugins/fr.ac6.mcu.externaltools.arm-none.win32_1.17.0.201812190825/tools/compiler/bin/../lib/gcc/arm-none-eabi/7.3.1/thumb/v6-m\libgcc.a(_udivsi3.o)
 .debug_frame   0x000000b4       0x28 c:/ac6/systemworkbench/plugins/fr.ac6.mcu.externaltools.arm-none.win32_1.17.0.201812190825/tools/compiler/bin/../lib/gcc/arm-none-eabi/7.3.1/../../../../arm-none-eabi/lib/thumb/v6-m\libc_nano.a(lib_a-memcpy-stub.o)
 .debug_frame   0x000000dc       0x50 c:/ac6/systemworkbench/plugins/fr.ac6.mcu.externaltools.arm-none.win32_1.17.0.201812190825/tools/compiler/bin/../lib/gcc/arm-none-eabi/7.3.1/../../../../arm-none-eabi/lib/thumb/v6-m\libc_nano.a(lib_a-printf.o)
 .debug_frame   0x0000012c      0x140 c:/ac6/systemworkbench/plugins/fr.ac6.mcu.externaltools.arm-none.win32_1.17.0.201812190825/tools/compiler/bin/../lib/gcc/arm-none-eabi/7.3.1/../../../../arm-none-eabi/lib/thumb/v6-m\libc_nano.a(lib_a-findfp.o)
 .debug_frame   0x0000026c       0x58 c:/ac6/systemworkbench/plugins/fr.ac6.mcu.externaltools.arm-none.win32_1.17.0.201812190825/tools/compiler/bin/../lib/gcc/arm-none-eabi/7.3.1/../../../../arm-none-eabi/lib/thumb/v6-m\libc_nano.a(lib_a-fwalk.o)
 .debug_frame   0x000002c4       0x2c c:/ac6/systemworkbench/plugins/fr.ac6.mcu.externaltools.arm-none.win32_1.17.0.201812190825/tools/compiler/bin/../lib/gcc/arm-none-eabi/7.3.1/../../../../arm-none-eabi/lib/thumb/v6-m\libc_nano.a(lib_a-nano-mallocr.o)
 .debug_frame   0x000002f0       0x9c c:/ac6/systemworkbench/plugins/fr.ac6.mcu.externaltools.arm-none.win32_1.17.0.201812190825/tools/compiler/bin/../lib/gcc/arm-none-eabi/7.3.1/../../../../arm-none-eabi/lib/thumb/v6-m\libc_nano.a(lib_a-nano-vfprintf.o)
 .debug_frame   0x0000038c       0x54 c:/ac6/systemworkbench/plugins/fr.ac6.mcu.externaltools.arm-none.win32_1.17.0.201812190825/tools/compiler/bin/../lib/gcc/arm-none-eabi/7.3.1/../../../../arm-none-eabi/lib/thumb/v6-m\libc_nano.a(lib_a-nano-vfprintf_i.o)
 .debug_frame   0x000003e0       0x2c c:/ac6/systemworkbench/plugins/fr.ac6.mcu.externaltools.arm-none.win32_1.17.0.201812190825/tools/compiler/bin/../lib/gcc/arm-none-eabi/7.3.1/../../../../arm-none-eabi/lib/thumb/v6-m\libc_nano.a(lib_a-sbrkr.o)
 .debug_frame   0x0000040c       0x90 c:/ac6/systemworkbench/plugins/fr.ac6.mcu.externaltools.arm-none.win32_1.17.0.201812190825/tools/compiler/bin/../lib/gcc/arm-none-eabi/7.3.1/../../../../arm-none-eabi/lib/thumb/v6-m\libc_nano.a(lib_a-stdio.o)
 .debug_frame   0x0000049c       0x48 c:/ac6/systemworkbench/plugins/fr.ac6.mcu.externaltools.arm-none.win32_1.17.0.201812190825/tools/compiler/bin/../lib/gcc/arm-none-eabi/7.3.1/../../../../arm-none-eabi/lib/thumb/v6-m\libc_nano.a(lib_a-wbuf.o)
 .debug_frame   0x000004e4       0x2c c:/ac6/systemworkbench/plugins/fr.ac6.mcu.externaltools.arm-none.win32_1.17.0.201812190825/tools/compiler/bin/../lib/gcc/arm-none-eabi/7.3.1/../../../../arm-none-eabi/lib/thumb/v6-m\libc_nano.a(lib_a-writer.o)
 .debug_frame   0x00000510       0x2c c:/ac6/systemworkbench/plugins/fr.ac6.mcu.externaltools.arm-none.win32_1.17.0.201812190825/tools/compiler/bin/../lib/gcc/arm-none-eabi/7.3.1/../../../../arm-none-eabi/lib/thumb/v6-m\libc_nano.a(lib_a-wsetup.o)
 .debug_frame   0x0000053c       0x2c c:/ac6/systemworkbench/plugins/fr.ac6.mcu.externaltools.arm-none.win32_1.17.0.201812190825/tools/compiler/bin/../lib/gcc/arm-none-eabi/7.3.1/../../../../arm-none-eabi/lib/thumb/v6-m\libc_nano.a(lib_a-closer.o)
 .debug_frame   0x00000568       0x68 c:/ac6/systemworkbench/plugins/fr.ac6.mcu.externaltools.arm-none.win32_1.17.0.201812190825/tools/compiler/bin/../lib/gcc/arm-none-eabi/7.3.1/../../../../arm-none-eabi/lib/thumb/v6-m\libc_nano.a(lib_a-fflush.o)
 .debug_frame   0x000005d0       0x2c c:/ac6/systemworkbench/plugins/fr.ac6.mcu.externaltools.arm-none.win32_1.17.0.201812190825/tools/compiler/bin/../lib/gcc/arm-none-eabi/7.3.1/../../../../arm-none-eabi/lib/thumb/v6-m\libc_nano.a(lib_a-lseekr.o)
 .debug_frame   0x000005fc       0x54 c:/ac6/systemworkbench/plugins/fr.ac6.mcu.externaltools.arm-none.win32_1.17.0.201812190825/tools/compiler/bin/../lib/gcc/arm-none-eabi/7.3.1/../../../../arm-none-eabi/lib/thumb/v6-m\libc_nano.a(lib_a-makebuf.o)
 .debug_frame   0x00000650       0x20 c:/ac6/systemworkbench/plugins/fr.ac6.mcu.externaltools.arm-none.win32_1.17.0.201812190825/tools/compiler/bin/../lib/gcc/arm-none-eabi/7.3.1/../../../../arm-none-eabi/lib/thumb/v6-m\libc_nano.a(lib_a-memchr-stub.o)
 .debug_frame   0x00000670       0x30 c:/ac6/systemworkbench/plugins/fr.ac6.mcu.externaltools.arm-none.win32_1.17.0.201812190825/tools/compiler/bin/../lib/gcc/arm-none-eabi/7.3.1/../../../../arm-none-eabi/lib/thumb/v6-m\libc_nano.a(lib_a-mlock.o)
 .debug_frame   0x000006a0       0x2c c:/ac6/systemworkbench/plugins/fr.ac6.mcu.externaltools.arm-none.win32_1.17.0.201812190825/tools/compiler/bin/../lib/gcc/arm-none-eabi/7.3.1/../../../../arm-none-eabi/lib/thumb/v6-m\libc_nano.a(lib_a-nano-freer.o)
 .debug_frame   0x000006cc       0x2c c:/ac6/systemworkbench/plugins/fr.ac6.mcu.externaltools.arm-none.win32_1.17.0.201812190825/tools/compiler/bin/../lib/gcc/arm-none-eabi/7.3.1/../../../../arm-none-eabi/lib/thumb/v6-m\libc_nano.a(lib_a-readr.o)
 .debug_frame   0x000006f8       0x48 c:/ac6/systemworkbench/plugins/fr.ac6.mcu.externaltools.arm-none.win32_1.17.0.201812190825/tools/compiler/bin/../lib/gcc/arm-none-eabi/7.3.1/../../../../arm-none-eabi/lib/thumb/v6-m\libc_nano.a(lib_a-reent.o)
 .debug_frame   0x00000740       0x2c c:/ac6/systemworkbench/plugins/fr.ac6.mcu.externaltools.arm-none.win32_1.17.0.201812190825/tools/compiler/bin/../lib/gcc/arm-none-eabi/7.3.1/../../../../arm-none-eabi/lib/thumb/v6-m\libc_nano.a(lib_a-fstatr.o)
 .debug_frame   0x0000076c       0x2c c:/ac6/systemworkbench/plugins/fr.ac6.mcu.externaltools.arm-none.win32_1.17.0.201812190825/tools/compiler/bin/../lib/gcc/arm-none-eabi/7.3.1/../../../../arm-none-eabi/lib/thumb/v6-m\libc_nano.a(lib_a-isattyr.o)
 .debug_frame   0x00000798       0x20 c:/ac6/systemworkbench/plugins/fr.ac6.mcu.externaltools.arm-none.win32_1.17.0.201812190825/tools/compiler/bin/../lib/gcc/arm-none-eabi/7.3.1/../../../../arm-none-eabi/lib/thumb/v6-m\libnosys.a(close.o)
 .debug_frame   0x000007b8       0x20 c:/ac6/systemworkbench/plugins/fr.ac6.mcu.externaltools.arm-none.win32_1.17.0.201812190825/tools/compiler/bin/../lib/gcc/arm-none-eabi/7.3.1/../../../../arm-none-eabi/lib/thumb/v6-m\libnosys.a(fstat.o)
 .debug_frame   0x000007d8       0x20 c:/ac6/systemworkbench/plugins/fr.ac6.mcu.externaltools.arm-none.win32_1.17.0.201812190825/tools/compiler/bin/../lib/gcc/arm-none-eabi/7.3.1/../../../../arm-none-eabi/lib/thumb/v6-m\libnosys.a(isatty.o)
 .debug_frame   0x000007f8       0x20 c:/ac6/systemworkbench/plugins/fr.ac6.mcu.externaltools.arm-none.win32_1.17.0.201812190825/tools/compiler/bin/../lib/gcc/arm-none-eabi/7.3.1/../../../../arm-none-eabi/lib/thumb/v6-m\libnosys.a(lseek.o)
 .debug_frame   0x00000818       0x20 c:/ac6/systemworkbench/plugins/fr.ac6.mcu.externaltools.arm-none.win32_1.17.0.201812190825/tools/compiler/bin/../lib/gcc/arm-none-eabi/7.3.1/../../../../arm-none-eabi/lib/thumb/v6-m\libnosys.a(sbrk.o)

.stab           0x00000000       0x6c
 .stab          0x00000000       0x24 c:/ac6/systemworkbench/plugins/fr.ac6.mcu.externaltools.arm-none.win32_1.17.0.201812190825/tools/compiler/bin/../lib/gcc/arm-none-eabi/7.3.1/../../../../arm-none-eabi/lib/thumb/v6-m\libnosys.a(close.o)
 .stab          0x00000024       0x18 c:/ac6/systemworkbench/plugins/fr.ac6.mcu.externaltools.arm-none.win32_1.17.0.201812190825/tools/compiler/bin/../lib/gcc/arm-none-eabi/7.3.1/../../../../arm-none-eabi/lib/thumb/v6-m\libnosys.a(fstat.o)
                                 0x24 (size before relaxing)
 .stab          0x0000003c       0x18 c:/ac6/systemworkbench/plugins/fr.ac6.mcu.externaltools.arm-none.win32_1.17.0.201812190825/tools/compiler/bin/../lib/gcc/arm-none-eabi/7.3.1/../../../../arm-none-eabi/lib/thumb/v6-m\libnosys.a(isatty.o)
                                 0x24 (size before relaxing)
 .stab          0x00000054       0x18 c:/ac6/systemworkbench/plugins/fr.ac6.mcu.externaltools.arm-none.win32_1.17.0.201812190825/tools/compiler/bin/../lib/gcc/arm-none-eabi/7.3.1/../../../../arm-none-eabi/lib/thumb/v6-m\libnosys.a(lseek.o)
                                 0x24 (size before relaxing)

.stabstr        0x00000000       0xe3
 .stabstr       0x00000000       0xe3 c:/ac6/systemworkbench/plugins/fr.ac6.mcu.externaltools.arm-none.win32_1.17.0.201812190825/tools/compiler/bin/../lib/gcc/arm-none-eabi/7.3.1/../../../../arm-none-eabi/lib/thumb/v6-m\libnosys.a(close.o)
